aadams@testing.com
aalexander@testing.com
aallen@testing.com
aanderson@testing.com
abailey@testing.com
abaker@testing.com
abarnes@testing.com
abell@testing.com
abennett@testing.com
abrooks@testing.com
abrown@testing.com
abryant@testing.com
abutler@testing.com
acampbell@testing.com
acarter@testing.com
aclark@testing.com
acoleman@testing.com
acollins@testing.com
acook@testing.com
acooper@testing.com
acox@testing.com
adavis@testing.com
adiaz@testing.com
aedwards@testing.com
aevans@testing.com
aflores@testing.com
afoster@testing.com
agarcia@testing.com
agonzales@testing.com
agonzalez@testing.com
agray@testing.com
agreen@testing.com
agriffin@testing.com
ahall@testing.com
aharris@testing.com
ahayes@testing.com
ahenderson@testing.com
ahernandez@testing.com
ahill@testing.com
ahoward@testing.com
ahughes@testing.com
ajackson@testing.com
ajames@testing.com
ajenkins@testing.com
ajohnson@testing.com
ajones@testing.com
akelly@testing.com
aking@testing.com
alee@testing.com
alewis@testing.com
along@testing.com
alopez@testing.com
amartin@testing.com
amartinez@testing.com
amiller@testing.com
amitchell@testing.com
amoore@testing.com
amorgan@testing.com
amorris@testing.com
amurphy@testing.com
anelson@testing.com
aparker@testing.com
apatterson@testing.com
aperez@testing.com
aperry@testing.com
apeterson@testing.com
aphillips@testing.com
apowell@testing.com
aprice@testing.com
aramirez@testing.com
areed@testing.com
arichardson@testing.com
arivera@testing.com
aroberts@testing.com
arobinson@testing.com
arodriguez@testing.com
arogers@testing.com
aross@testing.com
arussell@testing.com
asanchez@testing.com
asanders@testing.com
ascott@testing.com
asimmons@testing.com
asmith@testing.com
astewart@testing.com
ataylor@testing.com
athomas@testing.com
athompson@testing.com
atorres@testing.com
aturner@testing.com
awalker@testing.com
award@testing.com
awashington@testing.com
awatson@testing.com
awhite@testing.com
awilliams@testing.com
awilson@testing.com
awood@testing.com
awright@testing.com
ayoung@testing.com
badams@testing.com
balexander@testing.com
ballen@testing.com
banderson@testing.com
bbailey@testing.com
bbaker@testing.com
bbarnes@testing.com
bbell@testing.com
bbennett@testing.com
bbrooks@testing.com
bbrown@testing.com
bbryant@testing.com
bbutler@testing.com
bcampbell@testing.com
bcarter@testing.com
bclark@testing.com
bcoleman@testing.com
bcollins@testing.com
bcook@testing.com
bcooper@testing.com
bcox@testing.com
bdavis@testing.com
bdiaz@testing.com
bedwards@testing.com
bevans@testing.com
bflores@testing.com
bfoster@testing.com
bgarcia@testing.com
bgonzales@testing.com
bgonzalez@testing.com
bgray@testing.com
bgreen@testing.com
bgriffin@testing.com
bhall@testing.com
bharris@testing.com
bhayes@testing.com
bhenderson@testing.com
bhernandez@testing.com
bhill@testing.com
bhoward@testing.com
bhughes@testing.com
bjackson@testing.com
bjames@testing.com
bjenkins@testing.com
bjohnson@testing.com
bjones@testing.com
bkelly@testing.com
bking@testing.com
blee@testing.com
blewis@testing.com
blong@testing.com
blopez@testing.com
bmartin@testing.com
bmartinez@testing.com
bmiller@testing.com
bmitchell@testing.com
bmoore@testing.com
bmorgan@testing.com
bmorris@testing.com
bmurphy@testing.com
bnelson@testing.com
bparker@testing.com
bpatterson@testing.com
bperez@testing.com
bperry@testing.com
bpeterson@testing.com
bphillips@testing.com
bpowell@testing.com
bprice@testing.com
bramirez@testing.com
breed@testing.com
brichardson@testing.com
brivera@testing.com
broberts@testing.com
brobinson@testing.com
brodriguez@testing.com
brogers@testing.com
bross@testing.com
brussell@testing.com
bsanchez@testing.com
bsanders@testing.com
bscott@testing.com
bsimmons@testing.com
bsmith@testing.com
bstewart@testing.com
btaylor@testing.com
bthomas@testing.com
bthompson@testing.com
btorres@testing.com
bturner@testing.com
bwalker@testing.com
bward@testing.com
bwashington@testing.com
bwatson@testing.com
bwhite@testing.com
bwilliams@testing.com
bwilson@testing.com
bwood@testing.com
bwright@testing.com
byoung@testing.com
cadams@testing.com
calexander@testing.com
callen@testing.com
canderson@testing.com
cbailey@testing.com
cbaker@testing.com
cbarnes@testing.com
cbell@testing.com
cbennett@testing.com
cbrooks@testing.com
cbrown@testing.com
cbryant@testing.com
cbutler@testing.com
ccampbell@testing.com
ccarter@testing.com
cclark@testing.com
ccoleman@testing.com
ccollins@testing.com
ccook@testing.com
ccooper@testing.com
ccox@testing.com
cdavis@testing.com
cdiaz@testing.com
cedwards@testing.com
cevans@testing.com
cflores@testing.com
cfoster@testing.com
cgarcia@testing.com
cgonzales@testing.com
cgonzalez@testing.com
cgray@testing.com
cgreen@testing.com
cgriffin@testing.com
chall@testing.com
charris@testing.com
chayes@testing.com
chenderson@testing.com
chernandez@testing.com
chill@testing.com
choward@testing.com
chughes@testing.com
cjackson@testing.com
cjames@testing.com
cjenkins@testing.com
cjohnson@testing.com
cjones@testing.com
ckelly@testing.com
cking@testing.com
clee@testing.com
clewis@testing.com
clong@testing.com
clopez@testing.com
cmartin@testing.com
cmartinez@testing.com
cmiller@testing.com
cmitchell@testing.com
cmoore@testing.com
cmorgan@testing.com
cmorris@testing.com
cmurphy@testing.com
cnelson@testing.com
cparker@testing.com
cpatterson@testing.com
cperez@testing.com
cperry@testing.com
cpeterson@testing.com
cphillips@testing.com
cpowell@testing.com
cprice@testing.com
cramirez@testing.com
creed@testing.com
crichardson@testing.com
crivera@testing.com
croberts@testing.com
crobinson@testing.com
crodriguez@testing.com
crogers@testing.com
cross@testing.com
crussell@testing.com
csanchez@testing.com
csanders@testing.com
cscott@testing.com
csimmons@testing.com
csmith@testing.com
cstewart@testing.com
ctaylor@testing.com
cthomas@testing.com
cthompson@testing.com
ctorres@testing.com
cturner@testing.com
cwalker@testing.com
cward@testing.com
cwashington@testing.com
cwatson@testing.com
cwhite@testing.com
cwilliams@testing.com
cwilson@testing.com
cwood@testing.com
cwright@testing.com
cyoung@testing.com
dadams@testing.com
dalexander@testing.com
dallen@testing.com
danderson@testing.com
dbailey@testing.com
dbaker@testing.com
dbarnes@testing.com
dbell@testing.com
dbennett@testing.com
dbrooks@testing.com
dbrown@testing.com
dbryant@testing.com
dbutler@testing.com
dcampbell@testing.com
dcarter@testing.com
dclark@testing.com
dcoleman@testing.com
dcollins@testing.com
dcook@testing.com
dcooper@testing.com
dcox@testing.com
ddavis@testing.com
ddiaz@testing.com
dedwards@testing.com
devans@testing.com
dflores@testing.com
dfoster@testing.com
dgarcia@testing.com
dgonzales@testing.com
dgonzalez@testing.com
dgray@testing.com
dgreen@testing.com
dgriffin@testing.com
dhall@testing.com
dharris@testing.com
dhayes@testing.com
dhenderson@testing.com
dhernandez@testing.com
dhill@testing.com
dhoward@testing.com
dhughes@testing.com
djackson@testing.com
djames@testing.com
djenkins@testing.com
djohnson@testing.com
djones@testing.com
dkelly@testing.com
dking@testing.com
dlee@testing.com
dlewis@testing.com
dlong@testing.com
dlopez@testing.com
dmartin@testing.com
dmartinez@testing.com
dmiller@testing.com
dmitchell@testing.com
dmoore@testing.com
dmorgan@testing.com
dmorris@testing.com
dmurphy@testing.com
dnelson@testing.com
dparker@testing.com
dpatterson@testing.com
dperez@testing.com
dperry@testing.com
dpeterson@testing.com
dphillips@testing.com
dpowell@testing.com
dprice@testing.com
dramirez@testing.com
dreed@testing.com
drichardson@testing.com
drivera@testing.com
droberts@testing.com
drobinson@testing.com
drodriguez@testing.com
drogers@testing.com
dross@testing.com
drussell@testing.com
dsanchez@testing.com
dsanders@testing.com
dscott@testing.com
dsimmons@testing.com
dsmith@testing.com
dstewart@testing.com
dtaylor@testing.com
dthomas@testing.com
dthompson@testing.com
dtorres@testing.com
dturner@testing.com
dwalker@testing.com
dward@testing.com
dwashington@testing.com
dwatson@testing.com
dwhite@testing.com
dwilliams@testing.com
dwilson@testing.com
dwood@testing.com
dwright@testing.com
dyoung@testing.com
eadams@testing.com
ealexander@testing.com
eallen@testing.com
eanderson@testing.com
ebailey@testing.com
ebaker@testing.com
ebarnes@testing.com
ebell@testing.com
ebennett@testing.com
ebrooks@testing.com
ebrown@testing.com
ebryant@testing.com
ebutler@testing.com
ecampbell@testing.com
ecarter@testing.com
eclark@testing.com
ecoleman@testing.com
ecollins@testing.com
ecook@testing.com
ecooper@testing.com
ecox@testing.com
edavis@testing.com
ediaz@testing.com
eedwards@testing.com
eevans@testing.com
eflores@testing.com
efoster@testing.com
egarcia@testing.com
egonzales@testing.com
egonzalez@testing.com
egray@testing.com
egreen@testing.com
egriffin@testing.com
ehall@testing.com
eharris@testing.com
ehayes@testing.com
ehenderson@testing.com
ehernandez@testing.com
ehill@testing.com
ehoward@testing.com
ehughes@testing.com
ejackson@testing.com
ejames@testing.com
ejenkins@testing.com
ejohnson@testing.com
ejones@testing.com
ekelly@testing.com
eking@testing.com
elee@testing.com
elewis@testing.com
elong@testing.com
elopez@testing.com
emartin@testing.com
emartinez@testing.com
emiller@testing.com
emitchell@testing.com
emoore@testing.com
emorgan@testing.com
emorris@testing.com
emurphy@testing.com
enelson@testing.com
eparker@testing.com
epatterson@testing.com
eperez@testing.com
eperry@testing.com
epeterson@testing.com
ephillips@testing.com
epowell@testing.com
eprice@testing.com
eramirez@testing.com
ereed@testing.com
erichardson@testing.com
erivera@testing.com
eroberts@testing.com
erobinson@testing.com
erodriguez@testing.com
erogers@testing.com
eross@testing.com
erussell@testing.com
esanchez@testing.com
esanders@testing.com
escott@testing.com
esimmons@testing.com
esmith@testing.com
estewart@testing.com
etaylor@testing.com
ethomas@testing.com
ethompson@testing.com
etorres@testing.com
eturner@testing.com
ewalker@testing.com
eward@testing.com
ewashington@testing.com
ewatson@testing.com
ewhite@testing.com
ewilliams@testing.com
ewilson@testing.com
ewood@testing.com
ewright@testing.com
eyoung@testing.com
fadams@testing.com
falexander@testing.com
fallen@testing.com
fanderson@testing.com
fbailey@testing.com
fbaker@testing.com
fbarnes@testing.com
fbell@testing.com
fbennett@testing.com
fbrooks@testing.com
fbrown@testing.com
fbryant@testing.com
fbutler@testing.com
fcampbell@testing.com
fcarter@testing.com
fclark@testing.com
fcoleman@testing.com
fcollins@testing.com
fcook@testing.com
fcooper@testing.com
fcox@testing.com
fdavis@testing.com
fdiaz@testing.com
fedwards@testing.com
fevans@testing.com
fflores@testing.com
ffoster@testing.com
fgarcia@testing.com
fgonzales@testing.com
fgonzalez@testing.com
fgray@testing.com
fgreen@testing.com
fgriffin@testing.com
fhall@testing.com
fharris@testing.com
fhayes@testing.com
fhenderson@testing.com
fhernandez@testing.com
fhill@testing.com
fhoward@testing.com
fhughes@testing.com
fjackson@testing.com
fjames@testing.com
fjenkins@testing.com
fjohnson@testing.com
fjones@testing.com
fkelly@testing.com
fking@testing.com
flee@testing.com
flewis@testing.com
flong@testing.com
flopez@testing.com
fmartin@testing.com
fmartinez@testing.com
fmiller@testing.com
fmitchell@testing.com
fmoore@testing.com
fmorgan@testing.com
fmorris@testing.com
fmurphy@testing.com
fnelson@testing.com
fparker@testing.com
fpatterson@testing.com
fperez@testing.com
fperry@testing.com
fpeterson@testing.com
fphillips@testing.com
fpowell@testing.com
fprice@testing.com
framirez@testing.com
freed@testing.com
frichardson@testing.com
frivera@testing.com
froberts@testing.com
frobinson@testing.com
frodriguez@testing.com
frogers@testing.com
fross@testing.com
frussell@testing.com
fsanchez@testing.com
fsanders@testing.com
fscott@testing.com
fsimmons@testing.com
fsmith@testing.com
fstewart@testing.com
ftaylor@testing.com
fthomas@testing.com
fthompson@testing.com
ftorres@testing.com
fturner@testing.com
fwalker@testing.com
fward@testing.com
fwashington@testing.com
fwatson@testing.com
fwhite@testing.com
fwilliams@testing.com
fwilson@testing.com
fwood@testing.com
fwright@testing.com
fyoung@testing.com
gadams@testing.com
galexander@testing.com
gallen@testing.com
ganderson@testing.com
gbailey@testing.com
gbaker@testing.com
gbarnes@testing.com
gbell@testing.com
gbennett@testing.com
gbrooks@testing.com
gbrown@testing.com
gbryant@testing.com
gbutler@testing.com
gcampbell@testing.com
gcarter@testing.com
gclark@testing.com
gcoleman@testing.com
gcollins@testing.com
gcook@testing.com
gcooper@testing.com
gcox@testing.com
gdavis@testing.com
gdiaz@testing.com
gedwards@testing.com
gevans@testing.com
gflores@testing.com
gfoster@testing.com
ggarcia@testing.com
ggonzales@testing.com
ggonzalez@testing.com
ggray@testing.com
ggreen@testing.com
ggriffin@testing.com
ghall@testing.com
gharris@testing.com
ghayes@testing.com
ghenderson@testing.com
ghernandez@testing.com
ghill@testing.com
ghoward@testing.com
ghughes@testing.com
gjackson@testing.com
gjames@testing.com
gjenkins@testing.com
gjohnson@testing.com
gjones@testing.com
gkelly@testing.com
gking@testing.com
glee@testing.com
glewis@testing.com
glong@testing.com
glopez@testing.com
gmartin@testing.com
gmartinez@testing.com
gmiller@testing.com
gmitchell@testing.com
gmoore@testing.com
gmorgan@testing.com
gmorris@testing.com
gmurphy@testing.com
gnelson@testing.com
gparker@testing.com
gpatterson@testing.com
gperez@testing.com
gperry@testing.com
gpeterson@testing.com
gphillips@testing.com
gpowell@testing.com
gprice@testing.com
gramirez@testing.com
greed@testing.com
grichardson@testing.com
grivera@testing.com
groberts@testing.com
grobinson@testing.com
grodriguez@testing.com
grogers@testing.com
gross@testing.com
grussell@testing.com
gsanchez@testing.com
gsanders@testing.com
gscott@testing.com
gsimmons@testing.com
gsmith@testing.com
gstewart@testing.com
gtaylor@testing.com
gthomas@testing.com
gthompson@testing.com
gtorres@testing.com
gturner@testing.com
gwalker@testing.com
gward@testing.com
gwashington@testing.com
gwatson@testing.com
gwhite@testing.com
gwilliams@testing.com
gwilson@testing.com
gwood@testing.com
gwright@testing.com
gyoung@testing.com
hadams@testing.com
halexander@testing.com
hallen@testing.com
handerson@testing.com
hbailey@testing.com
hbaker@testing.com
hbarnes@testing.com
hbell@testing.com
hbennett@testing.com
hbrooks@testing.com
hbrown@testing.com
hbryant@testing.com
hbutler@testing.com
hcampbell@testing.com
hcarter@testing.com
hclark@testing.com
hcoleman@testing.com
hcollins@testing.com
hcook@testing.com
hcooper@testing.com
hcox@testing.com
hdavis@testing.com
hdiaz@testing.com
hedwards@testing.com
hevans@testing.com
hflores@testing.com
hfoster@testing.com
hgarcia@testing.com
hgonzales@testing.com
hgonzalez@testing.com
hgray@testing.com
hgreen@testing.com
hgriffin@testing.com
hhall@testing.com
hharris@testing.com
hhayes@testing.com
hhenderson@testing.com
hhernandez@testing.com
hhill@testing.com
hhoward@testing.com
hhughes@testing.com
hjackson@testing.com
hjames@testing.com
hjenkins@testing.com
hjohnson@testing.com
hjones@testing.com
hkelly@testing.com
hking@testing.com
hlee@testing.com
hlewis@testing.com
hlong@testing.com
hlopez@testing.com
hmartin@testing.com
hmartinez@testing.com
hmiller@testing.com
hmitchell@testing.com
hmoore@testing.com
hmorgan@testing.com
hmorris@testing.com
hmurphy@testing.com
hnelson@testing.com
hparker@testing.com
hpatterson@testing.com
hperez@testing.com
hperry@testing.com
hpeterson@testing.com
hphillips@testing.com
hpowell@testing.com
hprice@testing.com
hramirez@testing.com
hreed@testing.com
hrichardson@testing.com
hrivera@testing.com
hroberts@testing.com
hrobinson@testing.com
hrodriguez@testing.com
hrogers@testing.com
hross@testing.com
hrussell@testing.com
hsanchez@testing.com
hsanders@testing.com
hscott@testing.com
hsimmons@testing.com
hsmith@testing.com
hstewart@testing.com
htaylor@testing.com
hthomas@testing.com
hthompson@testing.com
htorres@testing.com
hturner@testing.com
hwalker@testing.com
hward@testing.com
hwashington@testing.com
hwatson@testing.com
hwhite@testing.com
hwilliams@testing.com
hwilson@testing.com
hwood@testing.com
hwright@testing.com
hyoung@testing.com
jadams@testing.com
jalexander@testing.com
jallen@testing.com
janderson@testing.com
jbailey@testing.com
jbaker@testing.com
jbarnes@testing.com
jbell@testing.com
jbennett@testing.com
jbrooks@testing.com
jbrown@testing.com
jbryant@testing.com
jbutler@testing.com
jcampbell@testing.com
jcarter@testing.com
jclark@testing.com
jcoleman@testing.com
jcollins@testing.com
jcook@testing.com
jcooper@testing.com
jcox@testing.com
jdavis@testing.com
jdiaz@testing.com
jedwards@testing.com
jevans@testing.com
jflores@testing.com
jfoster@testing.com
jgarcia@testing.com
jgonzales@testing.com
jgonzalez@testing.com
jgray@testing.com
jgreen@testing.com
jgriffin@testing.com
jhall@testing.com
jharris@testing.com
jhayes@testing.com
jhenderson@testing.com
jhernandez@testing.com
jhill@testing.com
jhoward@testing.com
jhughes@testing.com
jjackson@testing.com
jjames@testing.com
jjenkins@testing.com
jjohnson@testing.com
jjones@testing.com
jkelly@testing.com
jking@testing.com
jlee@testing.com
jlewis@testing.com
jlong@testing.com
jlopez@testing.com
jmartin@testing.com
jmartinez@testing.com
jmiller@testing.com
jmitchell@testing.com
jmoore@testing.com
jmorgan@testing.com
jmorris@testing.com
jmurphy@testing.com
jnelson@testing.com
jparker@testing.com
jpatterson@testing.com
jperez@testing.com
jperry@testing.com
jpeterson@testing.com
jphillips@testing.com
jpowell@testing.com
jprice@testing.com
jramirez@testing.com
jreed@testing.com
jrichardson@testing.com
jrivera@testing.com
jroberts@testing.com
jrobinson@testing.com
jrodriguez@testing.com
jrogers@testing.com
jross@testing.com
jrussell@testing.com
jsanchez@testing.com
jsanders@testing.com
jscott@testing.com
jsimmons@testing.com
jsmith@testing.com
jstewart@testing.com
jtaylor@testing.com
jthomas@testing.com
jthompson@testing.com
jtorres@testing.com
jturner@testing.com
jwalker@testing.com
jward@testing.com
jwashington@testing.com
jwatson@testing.com
jwhite@testing.com
jwilliams@testing.com
jwilson@testing.com
jwood@testing.com
jwright@testing.com
jyoung@testing.com
kadams@testing.com
kalexander@testing.com
kallen@testing.com
kanderson@testing.com
kbailey@testing.com
kbaker@testing.com
kbarnes@testing.com
kbell@testing.com
kbennett@testing.com
kbrooks@testing.com
kbrown@testing.com
kbryant@testing.com
kbutler@testing.com
kcampbell@testing.com
kcarter@testing.com
kclark@testing.com
kcoleman@testing.com
kcollins@testing.com
kcook@testing.com
kcooper@testing.com
kcox@testing.com
kdavis@testing.com
kdiaz@testing.com
kedwards@testing.com
kevans@testing.com
kflores@testing.com
kfoster@testing.com
kgarcia@testing.com
kgonzales@testing.com
kgonzalez@testing.com
kgray@testing.com
kgreen@testing.com
kgriffin@testing.com
khall@testing.com
kharris@testing.com
khayes@testing.com
khenderson@testing.com
khernandez@testing.com
khill@testing.com
khoward@testing.com
khughes@testing.com
kjackson@testing.com
kjames@testing.com
kjenkins@testing.com
kjohnson@testing.com
kjones@testing.com
kkelly@testing.com
kking@testing.com
klee@testing.com
klewis@testing.com
klong@testing.com
klopez@testing.com
kmartin@testing.com
kmartinez@testing.com
kmiller@testing.com
kmitchell@testing.com
kmoore@testing.com
kmorgan@testing.com
kmorris@testing.com
kmurphy@testing.com
knelson@testing.com
kparker@testing.com
kpatterson@testing.com
kperez@testing.com
kperry@testing.com
kpeterson@testing.com
kphillips@testing.com
kpowell@testing.com
kprice@testing.com
kramirez@testing.com
kreed@testing.com
krichardson@testing.com
krivera@testing.com
kroberts@testing.com
krobinson@testing.com
krodriguez@testing.com
krogers@testing.com
kross@testing.com
krussell@testing.com
ksanchez@testing.com
ksanders@testing.com
kscott@testing.com
ksimmons@testing.com
ksmith@testing.com
kstewart@testing.com
ktaylor@testing.com
kthomas@testing.com
kthompson@testing.com
ktorres@testing.com
kturner@testing.com
kwalker@testing.com
kward@testing.com
kwashington@testing.com
kwatson@testing.com
kwhite@testing.com
kwilliams@testing.com
kwilson@testing.com
kwood@testing.com
kwright@testing.com
kyoung@testing.com
ladams@testing.com
lalexander@testing.com
lallen@testing.com
landerson@testing.com
lbailey@testing.com
lbaker@testing.com
lbarnes@testing.com
lbell@testing.com
lbennett@testing.com
lbrooks@testing.com
lbrown@testing.com
lbryant@testing.com
lbutler@testing.com
lcampbell@testing.com
lcarter@testing.com
lclark@testing.com
lcoleman@testing.com
lcollins@testing.com
lcook@testing.com
lcooper@testing.com
lcox@testing.com
ldavis@testing.com
ldiaz@testing.com
ledwards@testing.com
levans@testing.com
lflores@testing.com
lfoster@testing.com
lgarcia@testing.com
lgonzales@testing.com
lgonzalez@testing.com
lgray@testing.com
lgreen@testing.com
lgriffin@testing.com
lhall@testing.com
lharris@testing.com
lhayes@testing.com
lhenderson@testing.com
lhernandez@testing.com
lhill@testing.com
lhoward@testing.com
lhughes@testing.com
ljackson@testing.com
ljames@testing.com
ljenkins@testing.com
ljohnson@testing.com
ljones@testing.com
lkelly@testing.com
lking@testing.com
llee@testing.com
llewis@testing.com
llong@testing.com
llopez@testing.com
lmartin@testing.com
lmartinez@testing.com
lmiller@testing.com
lmitchell@testing.com
lmoore@testing.com
lmorgan@testing.com
lmorris@testing.com
lmurphy@testing.com
lnelson@testing.com
lparker@testing.com
lpatterson@testing.com
lperez@testing.com
lperry@testing.com
lpeterson@testing.com
lphillips@testing.com
lpowell@testing.com
lprice@testing.com
lramirez@testing.com
lreed@testing.com
lrichardson@testing.com
lrivera@testing.com
lroberts@testing.com
lrobinson@testing.com
lrodriguez@testing.com
lrogers@testing.com
lross@testing.com
lrussell@testing.com
lsanchez@testing.com
lsanders@testing.com
lscott@testing.com
lsimmons@testing.com
lsmith@testing.com
lstewart@testing.com
ltaylor@testing.com
lthomas@testing.com
lthompson@testing.com
ltorres@testing.com
lturner@testing.com
lwalker@testing.com
lward@testing.com
lwashington@testing.com
lwatson@testing.com
lwhite@testing.com
lwilliams@testing.com
lwilson@testing.com
lwood@testing.com
lwright@testing.com
lyoung@testing.com
madams@testing.com
malexander@testing.com
mallen@testing.com
manderson@testing.com
mbailey@testing.com
mbaker@testing.com
mbarnes@testing.com
mbell@testing.com
mbennett@testing.com
mbrooks@testing.com
mbrown@testing.com
mbryant@testing.com
mbutler@testing.com
mcampbell@testing.com
mcarter@testing.com
mclark@testing.com
mcoleman@testing.com
mcollins@testing.com
mcook@testing.com
mcooper@testing.com
mcox@testing.com
mdavis@testing.com
mdiaz@testing.com
medwards@testing.com
mevans@testing.com
mflores@testing.com
mfoster@testing.com
mgarcia@testing.com
mgonzales@testing.com
mgonzalez@testing.com
mgray@testing.com
mgreen@testing.com
mgriffin@testing.com
mhall@testing.com
mharris@testing.com
mhayes@testing.com
mhenderson@testing.com
mhernandez@testing.com
mhill@testing.com
mhoward@testing.com
mhughes@testing.com
mjackson@testing.com
mjames@testing.com
mjenkins@testing.com
mjohnson@testing.com
mjones@testing.com
mkelly@testing.com
mking@testing.com
mlee@testing.com
mlewis@testing.com
mlong@testing.com
mlopez@testing.com
mmartin@testing.com
mmartinez@testing.com
mmiller@testing.com
mmitchell@testing.com
mmoore@testing.com
mmorgan@testing.com
mmorris@testing.com
mmurphy@testing.com
mnelson@testing.com
mparker@testing.com
mpatterson@testing.com
mperez@testing.com
mperry@testing.com
mpeterson@testing.com
mphillips@testing.com
mpowell@testing.com
mprice@testing.com
mramirez@testing.com
mreed@testing.com
mrichardson@testing.com
mrivera@testing.com
mroberts@testing.com
mrobinson@testing.com
mrodriguez@testing.com
mrogers@testing.com
mross@testing.com
mrussell@testing.com
msanchez@testing.com
msanders@testing.com
mscott@testing.com
msimmons@testing.com
msmith@testing.com
mstewart@testing.com
mtaylor@testing.com
mthomas@testing.com
mthompson@testing.com
mtorres@testing.com
mturner@testing.com
mwalker@testing.com
mward@testing.com
mwashington@testing.com
mwatson@testing.com
mwhite@testing.com
mwilliams@testing.com
mwilson@testing.com
mwood@testing.com
mwright@testing.com
myoung@testing.com
nadams@testing.com
nalexander@testing.com
nallen@testing.com
nanderson@testing.com
nbailey@testing.com
nbaker@testing.com
nbarnes@testing.com
nbell@testing.com
nbennett@testing.com
nbrooks@testing.com
nbrown@testing.com
nbryant@testing.com
nbutler@testing.com
ncampbell@testing.com
ncarter@testing.com
nclark@testing.com
ncoleman@testing.com
ncollins@testing.com
ncook@testing.com
ncooper@testing.com
ncox@testing.com
ndavis@testing.com
ndiaz@testing.com
nedwards@testing.com
nevans@testing.com
nflores@testing.com
nfoster@testing.com
ngarcia@testing.com
ngonzales@testing.com
ngonzalez@testing.com
ngray@testing.com
ngreen@testing.com
ngriffin@testing.com
nhall@testing.com
nharris@testing.com
nhayes@testing.com
nhenderson@testing.com
nhernandez@testing.com
nhill@testing.com
nhoward@testing.com
nhughes@testing.com
njackson@testing.com
njames@testing.com
njenkins@testing.com
njohnson@testing.com
njones@testing.com
nkelly@testing.com
nking@testing.com
nlee@testing.com
nlewis@testing.com
nlong@testing.com
nlopez@testing.com
nmartin@testing.com
nmartinez@testing.com
nmiller@testing.com
nmitchell@testing.com
nmoore@testing.com
nmorgan@testing.com
nmorris@testing.com
nmurphy@testing.com
nnelson@testing.com
nparker@testing.com
npatterson@testing.com
nperez@testing.com
nperry@testing.com
npeterson@testing.com
nphillips@testing.com
npowell@testing.com
nprice@testing.com
nramirez@testing.com
nreed@testing.com
nrichardson@testing.com
nrivera@testing.com
nroberts@testing.com
nrobinson@testing.com
nrodriguez@testing.com
nrogers@testing.com
nross@testing.com
nrussell@testing.com
nsanchez@testing.com
nsanders@testing.com
nscott@testing.com
nsimmons@testing.com
nsmith@testing.com
nstewart@testing.com
ntaylor@testing.com
nthomas@testing.com
nthompson@testing.com
ntorres@testing.com
nturner@testing.com
nwalker@testing.com
nward@testing.com
nwashington@testing.com
nwatson@testing.com
nwhite@testing.com
nwilliams@testing.com
nwilson@testing.com
nwood@testing.com
nwright@testing.com
nyoung@testing.com
padams@testing.com
palexander@testing.com
pallen@testing.com
panderson@testing.com
pbailey@testing.com
pbaker@testing.com
pbarnes@testing.com
pbell@testing.com
pbennett@testing.com
pbrooks@testing.com
pbrown@testing.com
pbryant@testing.com
pbutler@testing.com
pcampbell@testing.com
pcarter@testing.com
pclark@testing.com
pcoleman@testing.com
pcollins@testing.com
pcook@testing.com
pcooper@testing.com
pcox@testing.com
pdavis@testing.com
pdiaz@testing.com
pedwards@testing.com
pevans@testing.com
pflores@testing.com
pfoster@testing.com
pgarcia@testing.com
pgonzales@testing.com
pgonzalez@testing.com
pgray@testing.com
pgreen@testing.com
pgriffin@testing.com
phall@testing.com
pharris@testing.com
phayes@testing.com
phenderson@testing.com
phernandez@testing.com
phill@testing.com
phoward@testing.com
phughes@testing.com
pjackson@testing.com
pjames@testing.com
pjenkins@testing.com
pjohnson@testing.com
pjones@testing.com
pkelly@testing.com
pking@testing.com
plee@testing.com
plewis@testing.com
plong@testing.com
plopez@testing.com
pmartin@testing.com
pmartinez@testing.com
pmiller@testing.com
pmitchell@testing.com
pmoore@testing.com
pmorgan@testing.com
pmorris@testing.com
pmurphy@testing.com
pnelson@testing.com
pparker@testing.com
ppatterson@testing.com
pperez@testing.com
pperry@testing.com
ppeterson@testing.com
pphillips@testing.com
ppowell@testing.com
pprice@testing.com
pramirez@testing.com
preed@testing.com
prichardson@testing.com
privera@testing.com
proberts@testing.com
probinson@testing.com
prodriguez@testing.com
progers@testing.com
pross@testing.com
prussell@testing.com
psanchez@testing.com
psanders@testing.com
pscott@testing.com
psimmons@testing.com
psmith@testing.com
pstewart@testing.com
ptaylor@testing.com
pthomas@testing.com
pthompson@testing.com
ptorres@testing.com
pturner@testing.com
pwalker@testing.com
pward@testing.com
pwashington@testing.com
pwatson@testing.com
pwhite@testing.com
pwilliams@testing.com
pwilson@testing.com
pwood@testing.com
pwright@testing.com
pyoung@testing.com
radams@testing.com
ralexander@testing.com
rallen@testing.com
randerson@testing.com
rbailey@testing.com
rbaker@testing.com
rbarnes@testing.com
rbell@testing.com
rbennett@testing.com
rbrooks@testing.com
rbrown@testing.com
rbryant@testing.com
rbutler@testing.com
rcampbell@testing.com
rcarter@testing.com
rclark@testing.com
rcoleman@testing.com
rcollins@testing.com
rcook@testing.com
rcooper@testing.com
rcox@testing.com
rdavis@testing.com
rdiaz@testing.com
redwards@testing.com
revans@testing.com
rflores@testing.com
rfoster@testing.com
rgarcia@testing.com
rgonzales@testing.com
rgonzalez@testing.com
rgray@testing.com
rgreen@testing.com
rgriffin@testing.com
rhall@testing.com
rharris@testing.com
rhayes@testing.com
rhenderson@testing.com
rhernandez@testing.com
rhill@testing.com
rhoward@testing.com
rhughes@testing.com
rjackson@testing.com
rjames@testing.com
rjenkins@testing.com
rjohnson@testing.com
rjones@testing.com
rkelly@testing.com
rking@testing.com
rlee@testing.com
rlewis@testing.com
rlong@testing.com
rlopez@testing.com
rmartin@testing.com
rmartinez@testing.com
rmiller@testing.com
rmitchell@testing.com
rmoore@testing.com
rmorgan@testing.com
rmorris@testing.com
rmurphy@testing.com
rnelson@testing.com
rparker@testing.com
rpatterson@testing.com
rperez@testing.com
rperry@testing.com
rpeterson@testing.com
rphillips@testing.com
rpowell@testing.com
rprice@testing.com
rramirez@testing.com
rreed@testing.com
rrichardson@testing.com
rrivera@testing.com
rroberts@testing.com
rrobinson@testing.com
rrodriguez@testing.com
rrogers@testing.com
rross@testing.com
rrussell@testing.com
rsanchez@testing.com
rsanders@testing.com
rscott@testing.com
rsimmons@testing.com
rsmith@testing.com
rstewart@testing.com
rtaylor@testing.com
rthomas@testing.com
rthompson@testing.com
rtorres@testing.com
rturner@testing.com
rwalker@testing.com
rward@testing.com
rwashington@testing.com
rwatson@testing.com
rwhite@testing.com
rwilliams@testing.com
rwilson@testing.com
rwood@testing.com
rwright@testing.com
ryoung@testing.com
sadams@testing.com
salexander@testing.com
sallen@testing.com
sanderson@testing.com
sbailey@testing.com
sbaker@testing.com
sbarnes@testing.com
sbell@testing.com
sbennett@testing.com
sbrooks@testing.com
sbrown@testing.com
sbryant@testing.com
sbutler@testing.com
scampbell@testing.com
scarter@testing.com
sclark@testing.com
scoleman@testing.com
scollins@testing.com
scook@testing.com
scooper@testing.com
scox@testing.com
sdavis@testing.com
sdiaz@testing.com
sedwards@testing.com
sevans@testing.com
sflores@testing.com
sfoster@testing.com
sgarcia@testing.com
sgonzales@testing.com
sgonzalez@testing.com
sgray@testing.com
sgreen@testing.com
sgriffin@testing.com
shall@testing.com
sharris@testing.com
shayes@testing.com
shenderson@testing.com
shernandez@testing.com
shill@testing.com
showard@testing.com
shughes@testing.com
sjackson@testing.com
sjames@testing.com
sjenkins@testing.com
sjohnson@testing.com
sjones@testing.com
skelly@testing.com
sking@testing.com
slee@testing.com
slewis@testing.com
slong@testing.com
slopez@testing.com
smartin@testing.com
smartinez@testing.com
smiller@testing.com
smitchell@testing.com
smoore@testing.com
smorgan@testing.com
smorris@testing.com
smurphy@testing.com
snelson@testing.com
sparker@testing.com
spatterson@testing.com
sperez@testing.com
sperry@testing.com
speterson@testing.com
sphillips@testing.com
spowell@testing.com
sprice@testing.com
sramirez@testing.com
sreed@testing.com
srichardson@testing.com
srivera@testing.com
sroberts@testing.com
srobinson@testing.com
srodriguez@testing.com
srogers@testing.com
sross@testing.com
srussell@testing.com
ssanchez@testing.com
ssanders@testing.com
sscott@testing.com
ssimmons@testing.com
ssmith@testing.com
sstewart@testing.com
staylor@testing.com
sthomas@testing.com
sthompson@testing.com
storres@testing.com
sturner@testing.com
swalker@testing.com
sward@testing.com
swashington@testing.com
swatson@testing.com
swhite@testing.com
swilliams@testing.com
swilson@testing.com
swood@testing.com
swright@testing.com
syoung@testing.com
tadams@testing.com
talexander@testing.com
tallen@testing.com
tanderson@testing.com
tbailey@testing.com
tbaker@testing.com
tbarnes@testing.com
tbell@testing.com
tbennett@testing.com
tbrooks@testing.com
tbrown@testing.com
tbryant@testing.com
tbutler@testing.com
tcampbell@testing.com
tcarter@testing.com
tclark@testing.com
tcoleman@testing.com
tcollins@testing.com
tcook@testing.com
tcooper@testing.com
tcox@testing.com
tdavis@testing.com
tdiaz@testing.com
tedwards@testing.com
tevans@testing.com
tflores@testing.com
tfoster@testing.com
tgarcia@testing.com
tgonzales@testing.com
tgonzalez@testing.com
tgray@testing.com
tgreen@testing.com
tgriffin@testing.com
thall@testing.com
tharris@testing.com
thayes@testing.com
thenderson@testing.com
thernandez@testing.com
thill@testing.com
thoward@testing.com
thughes@testing.com
tjackson@testing.com
tjames@testing.com
tjenkins@testing.com
tjohnson@testing.com
tjones@testing.com
tkelly@testing.com
tking@testing.com
tlee@testing.com
tlewis@testing.com
tlong@testing.com
tlopez@testing.com
tmartin@testing.com
tmartinez@testing.com
tmiller@testing.com
tmitchell@testing.com
tmoore@testing.com
tmorgan@testing.com
tmorris@testing.com
tmurphy@testing.com
tnelson@testing.com
tparker@testing.com
tpatterson@testing.com
tperez@testing.com
tperry@testing.com
tpeterson@testing.com
tphillips@testing.com
tpowell@testing.com
tprice@testing.com
tramirez@testing.com
treed@testing.com
trichardson@testing.com
trivera@testing.com
troberts@testing.com
trobinson@testing.com
trodriguez@testing.com
trogers@testing.com
tross@testing.com
trussell@testing.com
tsanchez@testing.com
tsanders@testing.com
tscott@testing.com
tsimmons@testing.com
tsmith@testing.com
tstewart@testing.com
ttaylor@testing.com
tthomas@testing.com
tthompson@testing.com
ttorres@testing.com
tturner@testing.com
twalker@testing.com
tward@testing.com
twashington@testing.com
twatson@testing.com
twhite@testing.com
twilliams@testing.com
twilson@testing.com
twood@testing.com
twright@testing.com
tyoung@testing.com
vadams@testing.com
valexander@testing.com
vallen@testing.com
vanderson@testing.com
vbailey@testing.com
vbaker@testing.com
vbarnes@testing.com
vbell@testing.com
vbennett@testing.com
vbrooks@testing.com
vbrown@testing.com
vbryant@testing.com
vbutler@testing.com
vcampbell@testing.com
vcarter@testing.com
vclark@testing.com
vcoleman@testing.com
vcollins@testing.com
vcook@testing.com
vcooper@testing.com
vcox@testing.com
vdavis@testing.com
vdiaz@testing.com
vedwards@testing.com
vevans@testing.com
vflores@testing.com
vfoster@testing.com
vgarcia@testing.com
vgonzales@testing.com
vgonzalez@testing.com
vgray@testing.com
vgreen@testing.com
vgriffin@testing.com
vhall@testing.com
vharris@testing.com
vhayes@testing.com
vhenderson@testing.com
vhernandez@testing.com
vhill@testing.com
vhoward@testing.com
vhughes@testing.com
vjackson@testing.com
vjames@testing.com
vjenkins@testing.com
vjohnson@testing.com
vjones@testing.com
vkelly@testing.com
vking@testing.com
vlee@testing.com
vlewis@testing.com
vlong@testing.com
vlopez@testing.com
vmartin@testing.com
vmartinez@testing.com
vmiller@testing.com
vmitchell@testing.com
vmoore@testing.com
vmorgan@testing.com
vmorris@testing.com
vmurphy@testing.com
vnelson@testing.com
vparker@testing.com
vpatterson@testing.com
vperez@testing.com
vperry@testing.com
vpeterson@testing.com
vphillips@testing.com
vpowell@testing.com
vprice@testing.com
vramirez@testing.com
vreed@testing.com
vrichardson@testing.com
vrivera@testing.com
vroberts@testing.com
vrobinson@testing.com
vrodriguez@testing.com
vrogers@testing.com
vross@testing.com
vrussell@testing.com
vsanchez@testing.com
vsanders@testing.com
vscott@testing.com
vsimmons@testing.com
vsmith@testing.com
vstewart@testing.com
vtaylor@testing.com
vthomas@testing.com
vthompson@testing.com
vtorres@testing.com
vturner@testing.com
vwalker@testing.com
vward@testing.com
vwashington@testing.com
vwatson@testing.com
vwhite@testing.com
vwilliams@testing.com
vwilson@testing.com
vwood@testing.com
vwright@testing.com
vyoung@testing.com
wadams@testing.com
walexander@testing.com
wallen@testing.com
wanderson@testing.com
wbailey@testing.com
wbaker@testing.com
wbarnes@testing.com
wbell@testing.com
wbennett@testing.com
wbrooks@testing.com
wbrown@testing.com
wbryant@testing.com
wbutler@testing.com
wcampbell@testing.com
wcarter@testing.com
wclark@testing.com
wcoleman@testing.com
wcollins@testing.com
wcook@testing.com
wcooper@testing.com
wcox@testing.com
wdavis@testing.com
wdiaz@testing.com
wedwards@testing.com
wevans@testing.com
wflores@testing.com
wfoster@testing.com
wgarcia@testing.com
wgonzales@testing.com
wgonzalez@testing.com
wgray@testing.com
wgreen@testing.com
wgriffin@testing.com
whall@testing.com
wharris@testing.com
whayes@testing.com
whenderson@testing.com
whernandez@testing.com
whill@testing.com
whoward@testing.com
whughes@testing.com
wjackson@testing.com
wjames@testing.com
wjenkins@testing.com
wjohnson@testing.com
wjones@testing.com
wkelly@testing.com
wking@testing.com
wlee@testing.com
wlewis@testing.com
wlong@testing.com
wlopez@testing.com
wmartin@testing.com
wmartinez@testing.com
wmiller@testing.com
wmitchell@testing.com
wmoore@testing.com
wmorgan@testing.com
wmorris@testing.com
wmurphy@testing.com
wnelson@testing.com
wparker@testing.com
wpatterson@testing.com
wperez@testing.com
wperry@testing.com
wpeterson@testing.com
wphillips@testing.com
wpowell@testing.com
wprice@testing.com
wramirez@testing.com
wreed@testing.com
wrichardson@testing.com
wrivera@testing.com
wroberts@testing.com
wrobinson@testing.com
wrodriguez@testing.com
wrogers@testing.com
wross@testing.com
wrussell@testing.com
wsanchez@testing.com
wsanders@testing.com
wscott@testing.com
wsimmons@testing.com
wsmith@testing.com
wstewart@testing.com
wtaylor@testing.com
wthomas@testing.com
wthompson@testing.com
wtorres@testing.com
wturner@testing.com
wwalker@testing.com
wward@testing.com
wwashington@testing.com
wwatson@testing.com
wwhite@testing.com
wwilliams@testing.com
wwilson@testing.com
wwood@testing.com
wwright@testing.com
wyoung@testing.com
