alexander@testing.com
amanda@testing.com
amy@testing.com
andrew@testing.com
angela@testing.com
anna@testing.com
anthony@testing.com
ashley@testing.com
barbara@testing.com
benjamin@testing.com
betty@testing.com
brandon@testing.com
brenda@testing.com
brian@testing.com
carol@testing.com
carolyn@testing.com
catherine@testing.com
charles@testing.com
christine@testing.com
christopher@testing.com
cynthia@testing.com
daniel@testing.com
david@testing.com
deborah@testing.com
debra@testing.com
dennis@testing.com
donald@testing.com
donna@testing.com
dorothy@testing.com
edward@testing.com
elizabeth@testing.com
emily@testing.com
eric@testing.com
frank@testing.com
gary@testing.com
george@testing.com
gregory@testing.com
heather@testing.com
helen@testing.com
jack@testing.com
jacob@testing.com
james@testing.com
janet@testing.com
jason@testing.com
jeffrey@testing.com
jennifer@testing.com
jerry@testing.com
jessica@testing.com
john@testing.com
jonathan@testing.com
joseph@testing.com
joshua@testing.com
justin@testing.com
karen@testing.com
katherine@testing.com
kathleen@testing.com
kenneth@testing.com
kevin@testing.com
kimberly@testing.com
larry@testing.com
laura@testing.com
linda@testing.com
lisa@testing.com
margaret@testing.com
mark@testing.com
mary@testing.com
matthew@testing.com
melissa@testing.com
michael@testing.com
michelle@testing.com
nancy@testing.com
nicholas@testing.com
nicole@testing.com
pamela@testing.com
patricia@testing.com
patrick@testing.com
paul@testing.com
rachel@testing.com
raymond@testing.com
rebecca@testing.com
richard@testing.com
robert@testing.com
ronald@testing.com
ruth@testing.com
ryan@testing.com
samantha@testing.com
samuel@testing.com
sandra@testing.com
sarah@testing.com
scott@testing.com
sharon@testing.com
shirley@testing.com
stephanie@testing.com
stephen@testing.com
steven@testing.com
susan@testing.com
thomas@testing.com
timothy@testing.com
virginia@testing.com
william@testing.com
