adams@testing.com
alexander@testing.com
allen@testing.com
anderson@testing.com
bailey@testing.com
baker@testing.com
barnes@testing.com
bell@testing.com
bennett@testing.com
brooks@testing.com
brown@testing.com
bryant@testing.com
butler@testing.com
campbell@testing.com
carter@testing.com
clark@testing.com
coleman@testing.com
collins@testing.com
cook@testing.com
cooper@testing.com
cox@testing.com
davis@testing.com
diaz@testing.com
edwards@testing.com
evans@testing.com
flores@testing.com
foster@testing.com
garcia@testing.com
gonzales@testing.com
gonzalez@testing.com
gray@testing.com
green@testing.com
griffin@testing.com
hall@testing.com
harris@testing.com
hayes@testing.com
henderson@testing.com
hernandez@testing.com
hill@testing.com
howard@testing.com
hughes@testing.com
jackson@testing.com
james@testing.com
jenkins@testing.com
johnson@testing.com
jones@testing.com
kelly@testing.com
king@testing.com
lee@testing.com
lewis@testing.com
long@testing.com
lopez@testing.com
martin@testing.com
martinez@testing.com
miller@testing.com
mitchell@testing.com
moore@testing.com
morgan@testing.com
morris@testing.com
murphy@testing.com
nelson@testing.com
parker@testing.com
patterson@testing.com
perez@testing.com
perry@testing.com
peterson@testing.com
phillips@testing.com
powell@testing.com
price@testing.com
ramirez@testing.com
reed@testing.com
richardson@testing.com
rivera@testing.com
roberts@testing.com
robinson@testing.com
rodriguez@testing.com
rogers@testing.com
ross@testing.com
russell@testing.com
sanchez@testing.com
sanders@testing.com
scott@testing.com
simmons@testing.com
smith@testing.com
stewart@testing.com
taylor@testing.com
thomas@testing.com
thompson@testing.com
torres@testing.com
turner@testing.com
walker@testing.com
ward@testing.com
washington@testing.com
watson@testing.com
white@testing.com
williams@testing.com
wilson@testing.com
wood@testing.com
wright@testing.com
young@testing.com
