adamsa@testing.com
adamsb@testing.com
adamsc@testing.com
adamsd@testing.com
adamse@testing.com
adamsf@testing.com
adamsg@testing.com
adamsh@testing.com
adamsj@testing.com
adamsk@testing.com
adamsl@testing.com
adamsm@testing.com
adamsn@testing.com
adamsp@testing.com
adamsr@testing.com
adamss@testing.com
adamst@testing.com
adamsv@testing.com
adamsw@testing.com
alexandera@testing.com
alexanderb@testing.com
alexanderc@testing.com
alexanderd@testing.com
alexandere@testing.com
alexanderf@testing.com
alexanderg@testing.com
alexanderh@testing.com
alexanderj@testing.com
alexanderk@testing.com
alexanderl@testing.com
alexanderm@testing.com
alexandern@testing.com
alexanderp@testing.com
alexanderr@testing.com
alexanders@testing.com
alexandert@testing.com
alexanderv@testing.com
alexanderw@testing.com
allena@testing.com
allenb@testing.com
allenc@testing.com
allend@testing.com
allene@testing.com
allenf@testing.com
alleng@testing.com
allenh@testing.com
allenj@testing.com
allenk@testing.com
allenl@testing.com
allenm@testing.com
allenn@testing.com
allenp@testing.com
allenr@testing.com
allens@testing.com
allent@testing.com
allenv@testing.com
allenw@testing.com
andersona@testing.com
andersonb@testing.com
andersonc@testing.com
andersond@testing.com
andersone@testing.com
andersonf@testing.com
andersong@testing.com
andersonh@testing.com
andersonj@testing.com
andersonk@testing.com
andersonl@testing.com
andersonm@testing.com
andersonn@testing.com
andersonp@testing.com
andersonr@testing.com
andersons@testing.com
andersont@testing.com
andersonv@testing.com
andersonw@testing.com
baileya@testing.com
baileyb@testing.com
baileyc@testing.com
baileyd@testing.com
baileye@testing.com
baileyf@testing.com
baileyg@testing.com
baileyh@testing.com
baileyj@testing.com
baileyk@testing.com
baileyl@testing.com
baileym@testing.com
baileyn@testing.com
baileyp@testing.com
baileyr@testing.com
baileys@testing.com
baileyt@testing.com
baileyv@testing.com
baileyw@testing.com
bakera@testing.com
bakerb@testing.com
bakerc@testing.com
bakerd@testing.com
bakere@testing.com
bakerf@testing.com
bakerg@testing.com
bakerh@testing.com
bakerj@testing.com
bakerk@testing.com
bakerl@testing.com
bakerm@testing.com
bakern@testing.com
bakerp@testing.com
bakerr@testing.com
bakers@testing.com
bakert@testing.com
bakerv@testing.com
bakerw@testing.com
barnesa@testing.com
barnesb@testing.com
barnesc@testing.com
barnesd@testing.com
barnese@testing.com
barnesf@testing.com
barnesg@testing.com
barnesh@testing.com
barnesj@testing.com
barnesk@testing.com
barnesl@testing.com
barnesm@testing.com
barnesn@testing.com
barnesp@testing.com
barnesr@testing.com
barness@testing.com
barnest@testing.com
barnesv@testing.com
barnesw@testing.com
bella@testing.com
bellb@testing.com
bellc@testing.com
belld@testing.com
belle@testing.com
bellf@testing.com
bellg@testing.com
bellh@testing.com
bellj@testing.com
bellk@testing.com
belll@testing.com
bellm@testing.com
belln@testing.com
bellp@testing.com
bellr@testing.com
bells@testing.com
bellt@testing.com
bellv@testing.com
bellw@testing.com
bennetta@testing.com
bennettb@testing.com
bennettc@testing.com
bennettd@testing.com
bennette@testing.com
bennettf@testing.com
bennettg@testing.com
bennetth@testing.com
bennettj@testing.com
bennettk@testing.com
bennettl@testing.com
bennettm@testing.com
bennettn@testing.com
bennettp@testing.com
bennettr@testing.com
bennetts@testing.com
bennettt@testing.com
bennettv@testing.com
bennettw@testing.com
brooksa@testing.com
brooksb@testing.com
brooksc@testing.com
brooksd@testing.com
brookse@testing.com
brooksf@testing.com
brooksg@testing.com
brooksh@testing.com
brooksj@testing.com
brooksk@testing.com
brooksl@testing.com
brooksm@testing.com
brooksn@testing.com
brooksp@testing.com
brooksr@testing.com
brookss@testing.com
brookst@testing.com
brooksv@testing.com
brooksw@testing.com
browna@testing.com
brownb@testing.com
brownc@testing.com
brownd@testing.com
browne@testing.com
brownf@testing.com
browng@testing.com
brownh@testing.com
brownj@testing.com
brownk@testing.com
brownl@testing.com
brownm@testing.com
brownn@testing.com
brownp@testing.com
brownr@testing.com
browns@testing.com
brownt@testing.com
brownv@testing.com
brownw@testing.com
bryanta@testing.com
bryantb@testing.com
bryantc@testing.com
bryantd@testing.com
bryante@testing.com
bryantf@testing.com
bryantg@testing.com
bryanth@testing.com
bryantj@testing.com
bryantk@testing.com
bryantl@testing.com
bryantm@testing.com
bryantn@testing.com
bryantp@testing.com
bryantr@testing.com
bryants@testing.com
bryantt@testing.com
bryantv@testing.com
bryantw@testing.com
butlera@testing.com
butlerb@testing.com
butlerc@testing.com
butlerd@testing.com
butlere@testing.com
butlerf@testing.com
butlerg@testing.com
butlerh@testing.com
butlerj@testing.com
butlerk@testing.com
butlerl@testing.com
butlerm@testing.com
butlern@testing.com
butlerp@testing.com
butlerr@testing.com
butlers@testing.com
butlert@testing.com
butlerv@testing.com
butlerw@testing.com
campbella@testing.com
campbellb@testing.com
campbellc@testing.com
campbelld@testing.com
campbelle@testing.com
campbellf@testing.com
campbellg@testing.com
campbellh@testing.com
campbellj@testing.com
campbellk@testing.com
campbelll@testing.com
campbellm@testing.com
campbelln@testing.com
campbellp@testing.com
campbellr@testing.com
campbells@testing.com
campbellt@testing.com
campbellv@testing.com
campbellw@testing.com
cartera@testing.com
carterb@testing.com
carterc@testing.com
carterd@testing.com
cartere@testing.com
carterf@testing.com
carterg@testing.com
carterh@testing.com
carterj@testing.com
carterk@testing.com
carterl@testing.com
carterm@testing.com
cartern@testing.com
carterp@testing.com
carterr@testing.com
carters@testing.com
cartert@testing.com
carterv@testing.com
carterw@testing.com
clarka@testing.com
clarkb@testing.com
clarkc@testing.com
clarkd@testing.com
clarke@testing.com
clarkf@testing.com
clarkg@testing.com
clarkh@testing.com
clarkj@testing.com
clarkk@testing.com
clarkl@testing.com
clarkm@testing.com
clarkn@testing.com
clarkp@testing.com
clarkr@testing.com
clarks@testing.com
clarkt@testing.com
clarkv@testing.com
clarkw@testing.com
colemana@testing.com
colemanb@testing.com
colemanc@testing.com
colemand@testing.com
colemane@testing.com
colemanf@testing.com
colemang@testing.com
colemanh@testing.com
colemanj@testing.com
colemank@testing.com
colemanl@testing.com
colemanm@testing.com
colemann@testing.com
colemanp@testing.com
colemanr@testing.com
colemans@testing.com
colemant@testing.com
colemanv@testing.com
colemanw@testing.com
collinsa@testing.com
collinsb@testing.com
collinsc@testing.com
collinsd@testing.com
collinse@testing.com
collinsf@testing.com
collinsg@testing.com
collinsh@testing.com
collinsj@testing.com
collinsk@testing.com
collinsl@testing.com
collinsm@testing.com
collinsn@testing.com
collinsp@testing.com
collinsr@testing.com
collinss@testing.com
collinst@testing.com
collinsv@testing.com
collinsw@testing.com
cooka@testing.com
cookb@testing.com
cookc@testing.com
cookd@testing.com
cooke@testing.com
cookf@testing.com
cookg@testing.com
cookh@testing.com
cookj@testing.com
cookk@testing.com
cookl@testing.com
cookm@testing.com
cookn@testing.com
cookp@testing.com
cookr@testing.com
cooks@testing.com
cookt@testing.com
cookv@testing.com
cookw@testing.com
coopera@testing.com
cooperb@testing.com
cooperc@testing.com
cooperd@testing.com
coopere@testing.com
cooperf@testing.com
cooperg@testing.com
cooperh@testing.com
cooperj@testing.com
cooperk@testing.com
cooperl@testing.com
cooperm@testing.com
coopern@testing.com
cooperp@testing.com
cooperr@testing.com
coopers@testing.com
coopert@testing.com
cooperv@testing.com
cooperw@testing.com
coxa@testing.com
coxb@testing.com
coxc@testing.com
coxd@testing.com
coxe@testing.com
coxf@testing.com
coxg@testing.com
coxh@testing.com
coxj@testing.com
coxk@testing.com
coxl@testing.com
coxm@testing.com
coxn@testing.com
coxp@testing.com
coxr@testing.com
coxs@testing.com
coxt@testing.com
coxv@testing.com
coxw@testing.com
davisa@testing.com
davisb@testing.com
davisc@testing.com
davisd@testing.com
davise@testing.com
davisf@testing.com
davisg@testing.com
davish@testing.com
davisj@testing.com
davisk@testing.com
davisl@testing.com
davism@testing.com
davisn@testing.com
davisp@testing.com
davisr@testing.com
daviss@testing.com
davist@testing.com
davisv@testing.com
davisw@testing.com
diaza@testing.com
diazb@testing.com
diazc@testing.com
diazd@testing.com
diaze@testing.com
diazf@testing.com
diazg@testing.com
diazh@testing.com
diazj@testing.com
diazk@testing.com
diazl@testing.com
diazm@testing.com
diazn@testing.com
diazp@testing.com
diazr@testing.com
diazs@testing.com
diazt@testing.com
diazv@testing.com
diazw@testing.com
edwardsa@testing.com
edwardsb@testing.com
edwardsc@testing.com
edwardsd@testing.com
edwardse@testing.com
edwardsf@testing.com
edwardsg@testing.com
edwardsh@testing.com
edwardsj@testing.com
edwardsk@testing.com
edwardsl@testing.com
edwardsm@testing.com
edwardsn@testing.com
edwardsp@testing.com
edwardsr@testing.com
edwardss@testing.com
edwardst@testing.com
edwardsv@testing.com
edwardsw@testing.com
evansa@testing.com
evansb@testing.com
evansc@testing.com
evansd@testing.com
evanse@testing.com
evansf@testing.com
evansg@testing.com
evansh@testing.com
evansj@testing.com
evansk@testing.com
evansl@testing.com
evansm@testing.com
evansn@testing.com
evansp@testing.com
evansr@testing.com
evanss@testing.com
evanst@testing.com
evansv@testing.com
evansw@testing.com
floresa@testing.com
floresb@testing.com
floresc@testing.com
floresd@testing.com
florese@testing.com
floresf@testing.com
floresg@testing.com
floresh@testing.com
floresj@testing.com
floresk@testing.com
floresl@testing.com
floresm@testing.com
floresn@testing.com
floresp@testing.com
floresr@testing.com
floress@testing.com
florest@testing.com
floresv@testing.com
floresw@testing.com
fostera@testing.com
fosterb@testing.com
fosterc@testing.com
fosterd@testing.com
fostere@testing.com
fosterf@testing.com
fosterg@testing.com
fosterh@testing.com
fosterj@testing.com
fosterk@testing.com
fosterl@testing.com
fosterm@testing.com
fostern@testing.com
fosterp@testing.com
fosterr@testing.com
fosters@testing.com
fostert@testing.com
fosterv@testing.com
fosterw@testing.com
garciaa@testing.com
garciab@testing.com
garciac@testing.com
garciad@testing.com
garciae@testing.com
garciaf@testing.com
garciag@testing.com
garciah@testing.com
garciaj@testing.com
garciak@testing.com
garcial@testing.com
garciam@testing.com
garcian@testing.com
garciap@testing.com
garciar@testing.com
garcias@testing.com
garciat@testing.com
garciav@testing.com
garciaw@testing.com
gonzalesa@testing.com
gonzalesb@testing.com
gonzalesc@testing.com
gonzalesd@testing.com
gonzalese@testing.com
gonzalesf@testing.com
gonzalesg@testing.com
gonzalesh@testing.com
gonzalesj@testing.com
gonzalesk@testing.com
gonzalesl@testing.com
gonzalesm@testing.com
gonzalesn@testing.com
gonzalesp@testing.com
gonzalesr@testing.com
gonzaless@testing.com
gonzalest@testing.com
gonzalesv@testing.com
gonzalesw@testing.com
gonzaleza@testing.com
gonzalezb@testing.com
gonzalezc@testing.com
gonzalezd@testing.com
gonzaleze@testing.com
gonzalezf@testing.com
gonzalezg@testing.com
gonzalezh@testing.com
gonzalezj@testing.com
gonzalezk@testing.com
gonzalezl@testing.com
gonzalezm@testing.com
gonzalezn@testing.com
gonzalezp@testing.com
gonzalezr@testing.com
gonzalezs@testing.com
gonzalezt@testing.com
gonzalezv@testing.com
gonzalezw@testing.com
graya@testing.com
grayb@testing.com
grayc@testing.com
grayd@testing.com
graye@testing.com
grayf@testing.com
grayg@testing.com
grayh@testing.com
grayj@testing.com
grayk@testing.com
grayl@testing.com
graym@testing.com
grayn@testing.com
grayp@testing.com
grayr@testing.com
grays@testing.com
grayt@testing.com
grayv@testing.com
grayw@testing.com
greena@testing.com
greenb@testing.com
greenc@testing.com
greend@testing.com
greene@testing.com
greenf@testing.com
greeng@testing.com
greenh@testing.com
greenj@testing.com
greenk@testing.com
greenl@testing.com
greenm@testing.com
greenn@testing.com
greenp@testing.com
greenr@testing.com
greens@testing.com
greent@testing.com
greenv@testing.com
greenw@testing.com
griffina@testing.com
griffinb@testing.com
griffinc@testing.com
griffind@testing.com
griffine@testing.com
griffinf@testing.com
griffing@testing.com
griffinh@testing.com
griffinj@testing.com
griffink@testing.com
griffinl@testing.com
griffinm@testing.com
griffinn@testing.com
griffinp@testing.com
griffinr@testing.com
griffins@testing.com
griffint@testing.com
griffinv@testing.com
griffinw@testing.com
halla@testing.com
hallb@testing.com
hallc@testing.com
halld@testing.com
halle@testing.com
hallf@testing.com
hallg@testing.com
hallh@testing.com
hallj@testing.com
hallk@testing.com
halll@testing.com
hallm@testing.com
halln@testing.com
hallp@testing.com
hallr@testing.com
halls@testing.com
hallt@testing.com
hallv@testing.com
hallw@testing.com
harrisa@testing.com
harrisb@testing.com
harrisc@testing.com
harrisd@testing.com
harrise@testing.com
harrisf@testing.com
harrisg@testing.com
harrish@testing.com
harrisj@testing.com
harrisk@testing.com
harrisl@testing.com
harrism@testing.com
harrisn@testing.com
harrisp@testing.com
harrisr@testing.com
harriss@testing.com
harrist@testing.com
harrisv@testing.com
harrisw@testing.com
hayesa@testing.com
hayesb@testing.com
hayesc@testing.com
hayesd@testing.com
hayese@testing.com
hayesf@testing.com
hayesg@testing.com
hayesh@testing.com
hayesj@testing.com
hayesk@testing.com
hayesl@testing.com
hayesm@testing.com
hayesn@testing.com
hayesp@testing.com
hayesr@testing.com
hayess@testing.com
hayest@testing.com
hayesv@testing.com
hayesw@testing.com
hendersona@testing.com
hendersonb@testing.com
hendersonc@testing.com
hendersond@testing.com
hendersone@testing.com
hendersonf@testing.com
hendersong@testing.com
hendersonh@testing.com
hendersonj@testing.com
hendersonk@testing.com
hendersonl@testing.com
hendersonm@testing.com
hendersonn@testing.com
hendersonp@testing.com
hendersonr@testing.com
hendersons@testing.com
hendersont@testing.com
hendersonv@testing.com
hendersonw@testing.com
hernandeza@testing.com
hernandezb@testing.com
hernandezc@testing.com
hernandezd@testing.com
hernandeze@testing.com
hernandezf@testing.com
hernandezg@testing.com
hernandezh@testing.com
hernandezj@testing.com
hernandezk@testing.com
hernandezl@testing.com
hernandezm@testing.com
hernandezn@testing.com
hernandezp@testing.com
hernandezr@testing.com
hernandezs@testing.com
hernandezt@testing.com
hernandezv@testing.com
hernandezw@testing.com
hilla@testing.com
hillb@testing.com
hillc@testing.com
hilld@testing.com
hille@testing.com
hillf@testing.com
hillg@testing.com
hillh@testing.com
hillj@testing.com
hillk@testing.com
hilll@testing.com
hillm@testing.com
hilln@testing.com
hillp@testing.com
hillr@testing.com
hills@testing.com
hillt@testing.com
hillv@testing.com
hillw@testing.com
howarda@testing.com
howardb@testing.com
howardc@testing.com
howardd@testing.com
howarde@testing.com
howardf@testing.com
howardg@testing.com
howardh@testing.com
howardj@testing.com
howardk@testing.com
howardl@testing.com
howardm@testing.com
howardn@testing.com
howardp@testing.com
howardr@testing.com
howards@testing.com
howardt@testing.com
howardv@testing.com
howardw@testing.com
hughesa@testing.com
hughesb@testing.com
hughesc@testing.com
hughesd@testing.com
hughese@testing.com
hughesf@testing.com
hughesg@testing.com
hughesh@testing.com
hughesj@testing.com
hughesk@testing.com
hughesl@testing.com
hughesm@testing.com
hughesn@testing.com
hughesp@testing.com
hughesr@testing.com
hughess@testing.com
hughest@testing.com
hughesv@testing.com
hughesw@testing.com
jacksona@testing.com
jacksonb@testing.com
jacksonc@testing.com
jacksond@testing.com
jacksone@testing.com
jacksonf@testing.com
jacksong@testing.com
jacksonh@testing.com
jacksonj@testing.com
jacksonk@testing.com
jacksonl@testing.com
jacksonm@testing.com
jacksonn@testing.com
jacksonp@testing.com
jacksonr@testing.com
jacksons@testing.com
jacksont@testing.com
jacksonv@testing.com
jacksonw@testing.com
jamesa@testing.com
jamesb@testing.com
jamesc@testing.com
jamesd@testing.com
jamese@testing.com
jamesf@testing.com
jamesg@testing.com
jamesh@testing.com
jamesj@testing.com
jamesk@testing.com
jamesl@testing.com
jamesm@testing.com
jamesn@testing.com
jamesp@testing.com
jamesr@testing.com
jamess@testing.com
jamest@testing.com
jamesv@testing.com
jamesw@testing.com
jenkinsa@testing.com
jenkinsb@testing.com
jenkinsc@testing.com
jenkinsd@testing.com
jenkinse@testing.com
jenkinsf@testing.com
jenkinsg@testing.com
jenkinsh@testing.com
jenkinsj@testing.com
jenkinsk@testing.com
jenkinsl@testing.com
jenkinsm@testing.com
jenkinsn@testing.com
jenkinsp@testing.com
jenkinsr@testing.com
jenkinss@testing.com
jenkinst@testing.com
jenkinsv@testing.com
jenkinsw@testing.com
johnsona@testing.com
johnsonb@testing.com
johnsonc@testing.com
johnsond@testing.com
johnsone@testing.com
johnsonf@testing.com
johnsong@testing.com
johnsonh@testing.com
johnsonj@testing.com
johnsonk@testing.com
johnsonl@testing.com
johnsonm@testing.com
johnsonn@testing.com
johnsonp@testing.com
johnsonr@testing.com
johnsons@testing.com
johnsont@testing.com
johnsonv@testing.com
johnsonw@testing.com
jonesa@testing.com
jonesb@testing.com
jonesc@testing.com
jonesd@testing.com
jonese@testing.com
jonesf@testing.com
jonesg@testing.com
jonesh@testing.com
jonesj@testing.com
jonesk@testing.com
jonesl@testing.com
jonesm@testing.com
jonesn@testing.com
jonesp@testing.com
jonesr@testing.com
joness@testing.com
jonest@testing.com
jonesv@testing.com
jonesw@testing.com
kellya@testing.com
kellyb@testing.com
kellyc@testing.com
kellyd@testing.com
kellye@testing.com
kellyf@testing.com
kellyg@testing.com
kellyh@testing.com
kellyj@testing.com
kellyk@testing.com
kellyl@testing.com
kellym@testing.com
kellyn@testing.com
kellyp@testing.com
kellyr@testing.com
kellys@testing.com
kellyt@testing.com
kellyv@testing.com
kellyw@testing.com
kinga@testing.com
kingb@testing.com
kingc@testing.com
kingd@testing.com
kinge@testing.com
kingf@testing.com
kingg@testing.com
kingh@testing.com
kingj@testing.com
kingk@testing.com
kingl@testing.com
kingm@testing.com
kingn@testing.com
kingp@testing.com
kingr@testing.com
kings@testing.com
kingt@testing.com
kingv@testing.com
kingw@testing.com
leea@testing.com
leeb@testing.com
leec@testing.com
leed@testing.com
leee@testing.com
leef@testing.com
leeg@testing.com
leeh@testing.com
leej@testing.com
leek@testing.com
leel@testing.com
leem@testing.com
leen@testing.com
leep@testing.com
leer@testing.com
lees@testing.com
leet@testing.com
leev@testing.com
leew@testing.com
lewisa@testing.com
lewisb@testing.com
lewisc@testing.com
lewisd@testing.com
lewise@testing.com
lewisf@testing.com
lewisg@testing.com
lewish@testing.com
lewisj@testing.com
lewisk@testing.com
lewisl@testing.com
lewism@testing.com
lewisn@testing.com
lewisp@testing.com
lewisr@testing.com
lewiss@testing.com
lewist@testing.com
lewisv@testing.com
lewisw@testing.com
longa@testing.com
longb@testing.com
longc@testing.com
longd@testing.com
longe@testing.com
longf@testing.com
longg@testing.com
longh@testing.com
longj@testing.com
longk@testing.com
longl@testing.com
longm@testing.com
longn@testing.com
longp@testing.com
longr@testing.com
longs@testing.com
longt@testing.com
longv@testing.com
longw@testing.com
lopeza@testing.com
lopezb@testing.com
lopezc@testing.com
lopezd@testing.com
lopeze@testing.com
lopezf@testing.com
lopezg@testing.com
lopezh@testing.com
lopezj@testing.com
lopezk@testing.com
lopezl@testing.com
lopezm@testing.com
lopezn@testing.com
lopezp@testing.com
lopezr@testing.com
lopezs@testing.com
lopezt@testing.com
lopezv@testing.com
lopezw@testing.com
martina@testing.com
martinb@testing.com
martinc@testing.com
martind@testing.com
martine@testing.com
martineza@testing.com
martinezb@testing.com
martinezc@testing.com
martinezd@testing.com
martineze@testing.com
martinezf@testing.com
martinezg@testing.com
martinezh@testing.com
martinezj@testing.com
martinezk@testing.com
martinezl@testing.com
martinezm@testing.com
martinezn@testing.com
martinezp@testing.com
martinezr@testing.com
martinezs@testing.com
martinezt@testing.com
martinezv@testing.com
martinezw@testing.com
martinf@testing.com
marting@testing.com
martinh@testing.com
martinj@testing.com
martink@testing.com
martinl@testing.com
martinm@testing.com
martinn@testing.com
martinp@testing.com
martinr@testing.com
martins@testing.com
martint@testing.com
martinv@testing.com
martinw@testing.com
millera@testing.com
millerb@testing.com
millerc@testing.com
millerd@testing.com
millere@testing.com
millerf@testing.com
millerg@testing.com
millerh@testing.com
millerj@testing.com
millerk@testing.com
millerl@testing.com
millerm@testing.com
millern@testing.com
millerp@testing.com
millerr@testing.com
millers@testing.com
millert@testing.com
millerv@testing.com
millerw@testing.com
mitchella@testing.com
mitchellb@testing.com
mitchellc@testing.com
mitchelld@testing.com
mitchelle@testing.com
mitchellf@testing.com
mitchellg@testing.com
mitchellh@testing.com
mitchellj@testing.com
mitchellk@testing.com
mitchelll@testing.com
mitchellm@testing.com
mitchelln@testing.com
mitchellp@testing.com
mitchellr@testing.com
mitchells@testing.com
mitchellt@testing.com
mitchellv@testing.com
mitchellw@testing.com
moorea@testing.com
mooreb@testing.com
moorec@testing.com
moored@testing.com
mooree@testing.com
mooref@testing.com
mooreg@testing.com
mooreh@testing.com
moorej@testing.com
moorek@testing.com
moorel@testing.com
moorem@testing.com
mooren@testing.com
moorep@testing.com
moorer@testing.com
moores@testing.com
mooret@testing.com
moorev@testing.com
moorew@testing.com
morgana@testing.com
morganb@testing.com
morganc@testing.com
morgand@testing.com
morgane@testing.com
morganf@testing.com
morgang@testing.com
morganh@testing.com
morganj@testing.com
morgank@testing.com
morganl@testing.com
morganm@testing.com
morgann@testing.com
morganp@testing.com
morganr@testing.com
morgans@testing.com
morgant@testing.com
morganv@testing.com
morganw@testing.com
morrisa@testing.com
morrisb@testing.com
morrisc@testing.com
morrisd@testing.com
morrise@testing.com
morrisf@testing.com
morrisg@testing.com
morrish@testing.com
morrisj@testing.com
morrisk@testing.com
morrisl@testing.com
morrism@testing.com
morrisn@testing.com
morrisp@testing.com
morrisr@testing.com
morriss@testing.com
morrist@testing.com
morrisv@testing.com
morrisw@testing.com
murphya@testing.com
murphyb@testing.com
murphyc@testing.com
murphyd@testing.com
murphye@testing.com
murphyf@testing.com
murphyg@testing.com
murphyh@testing.com
murphyj@testing.com
murphyk@testing.com
murphyl@testing.com
murphym@testing.com
murphyn@testing.com
murphyp@testing.com
murphyr@testing.com
murphys@testing.com
murphyt@testing.com
murphyv@testing.com
murphyw@testing.com
nelsona@testing.com
nelsonb@testing.com
nelsonc@testing.com
nelsond@testing.com
nelsone@testing.com
nelsonf@testing.com
nelsong@testing.com
nelsonh@testing.com
nelsonj@testing.com
nelsonk@testing.com
nelsonl@testing.com
nelsonm@testing.com
nelsonn@testing.com
nelsonp@testing.com
nelsonr@testing.com
nelsons@testing.com
nelsont@testing.com
nelsonv@testing.com
nelsonw@testing.com
parkera@testing.com
parkerb@testing.com
parkerc@testing.com
parkerd@testing.com
parkere@testing.com
parkerf@testing.com
parkerg@testing.com
parkerh@testing.com
parkerj@testing.com
parkerk@testing.com
parkerl@testing.com
parkerm@testing.com
parkern@testing.com
parkerp@testing.com
parkerr@testing.com
parkers@testing.com
parkert@testing.com
parkerv@testing.com
parkerw@testing.com
pattersona@testing.com
pattersonb@testing.com
pattersonc@testing.com
pattersond@testing.com
pattersone@testing.com
pattersonf@testing.com
pattersong@testing.com
pattersonh@testing.com
pattersonj@testing.com
pattersonk@testing.com
pattersonl@testing.com
pattersonm@testing.com
pattersonn@testing.com
pattersonp@testing.com
pattersonr@testing.com
pattersons@testing.com
pattersont@testing.com
pattersonv@testing.com
pattersonw@testing.com
pereza@testing.com
perezb@testing.com
perezc@testing.com
perezd@testing.com
pereze@testing.com
perezf@testing.com
perezg@testing.com
perezh@testing.com
perezj@testing.com
perezk@testing.com
perezl@testing.com
perezm@testing.com
perezn@testing.com
perezp@testing.com
perezr@testing.com
perezs@testing.com
perezt@testing.com
perezv@testing.com
perezw@testing.com
perrya@testing.com
perryb@testing.com
perryc@testing.com
perryd@testing.com
perrye@testing.com
perryf@testing.com
perryg@testing.com
perryh@testing.com
perryj@testing.com
perryk@testing.com
perryl@testing.com
perrym@testing.com
perryn@testing.com
perryp@testing.com
perryr@testing.com
perrys@testing.com
perryt@testing.com
perryv@testing.com
perryw@testing.com
petersona@testing.com
petersonb@testing.com
petersonc@testing.com
petersond@testing.com
petersone@testing.com
petersonf@testing.com
petersong@testing.com
petersonh@testing.com
petersonj@testing.com
petersonk@testing.com
petersonl@testing.com
petersonm@testing.com
petersonn@testing.com
petersonp@testing.com
petersonr@testing.com
petersons@testing.com
petersont@testing.com
petersonv@testing.com
petersonw@testing.com
phillipsa@testing.com
phillipsb@testing.com
phillipsc@testing.com
phillipsd@testing.com
phillipse@testing.com
phillipsf@testing.com
phillipsg@testing.com
phillipsh@testing.com
phillipsj@testing.com
phillipsk@testing.com
phillipsl@testing.com
phillipsm@testing.com
phillipsn@testing.com
phillipsp@testing.com
phillipsr@testing.com
phillipss@testing.com
phillipst@testing.com
phillipsv@testing.com
phillipsw@testing.com
powella@testing.com
powellb@testing.com
powellc@testing.com
powelld@testing.com
powelle@testing.com
powellf@testing.com
powellg@testing.com
powellh@testing.com
powellj@testing.com
powellk@testing.com
powelll@testing.com
powellm@testing.com
powelln@testing.com
powellp@testing.com
powellr@testing.com
powells@testing.com
powellt@testing.com
powellv@testing.com
powellw@testing.com
pricea@testing.com
priceb@testing.com
pricec@testing.com
priced@testing.com
pricee@testing.com
pricef@testing.com
priceg@testing.com
priceh@testing.com
pricej@testing.com
pricek@testing.com
pricel@testing.com
pricem@testing.com
pricen@testing.com
pricep@testing.com
pricer@testing.com
prices@testing.com
pricet@testing.com
pricev@testing.com
pricew@testing.com
ramireza@testing.com
ramirezb@testing.com
ramirezc@testing.com
ramirezd@testing.com
ramireze@testing.com
ramirezf@testing.com
ramirezg@testing.com
ramirezh@testing.com
ramirezj@testing.com
ramirezk@testing.com
ramirezl@testing.com
ramirezm@testing.com
ramirezn@testing.com
ramirezp@testing.com
ramirezr@testing.com
ramirezs@testing.com
ramirezt@testing.com
ramirezv@testing.com
ramirezw@testing.com
reeda@testing.com
reedb@testing.com
reedc@testing.com
reedd@testing.com
reede@testing.com
reedf@testing.com
reedg@testing.com
reedh@testing.com
reedj@testing.com
reedk@testing.com
reedl@testing.com
reedm@testing.com
reedn@testing.com
reedp@testing.com
reedr@testing.com
reeds@testing.com
reedt@testing.com
reedv@testing.com
reedw@testing.com
richardsona@testing.com
richardsonb@testing.com
richardsonc@testing.com
richardsond@testing.com
richardsone@testing.com
richardsonf@testing.com
richardsong@testing.com
richardsonh@testing.com
richardsonj@testing.com
richardsonk@testing.com
richardsonl@testing.com
richardsonm@testing.com
richardsonn@testing.com
richardsonp@testing.com
richardsonr@testing.com
richardsons@testing.com
richardsont@testing.com
richardsonv@testing.com
richardsonw@testing.com
riveraa@testing.com
riverab@testing.com
riverac@testing.com
riverad@testing.com
riverae@testing.com
riveraf@testing.com
riverag@testing.com
riverah@testing.com
riveraj@testing.com
riverak@testing.com
riveral@testing.com
riveram@testing.com
riveran@testing.com
riverap@testing.com
riverar@testing.com
riveras@testing.com
riverat@testing.com
riverav@testing.com
riveraw@testing.com
robertsa@testing.com
robertsb@testing.com
robertsc@testing.com
robertsd@testing.com
robertse@testing.com
robertsf@testing.com
robertsg@testing.com
robertsh@testing.com
robertsj@testing.com
robertsk@testing.com
robertsl@testing.com
robertsm@testing.com
robertsn@testing.com
robertsp@testing.com
robertsr@testing.com
robertss@testing.com
robertst@testing.com
robertsv@testing.com
robertsw@testing.com
robinsona@testing.com
robinsonb@testing.com
robinsonc@testing.com
robinsond@testing.com
robinsone@testing.com
robinsonf@testing.com
robinsong@testing.com
robinsonh@testing.com
robinsonj@testing.com
robinsonk@testing.com
robinsonl@testing.com
robinsonm@testing.com
robinsonn@testing.com
robinsonp@testing.com
robinsonr@testing.com
robinsons@testing.com
robinsont@testing.com
robinsonv@testing.com
robinsonw@testing.com
rodrigueza@testing.com
rodriguezb@testing.com
rodriguezc@testing.com
rodriguezd@testing.com
rodrigueze@testing.com
rodriguezf@testing.com
rodriguezg@testing.com
rodriguezh@testing.com
rodriguezj@testing.com
rodriguezk@testing.com
rodriguezl@testing.com
rodriguezm@testing.com
rodriguezn@testing.com
rodriguezp@testing.com
rodriguezr@testing.com
rodriguezs@testing.com
rodriguezt@testing.com
rodriguezv@testing.com
rodriguezw@testing.com
rogersa@testing.com
rogersb@testing.com
rogersc@testing.com
rogersd@testing.com
rogerse@testing.com
rogersf@testing.com
rogersg@testing.com
rogersh@testing.com
rogersj@testing.com
rogersk@testing.com
rogersl@testing.com
rogersm@testing.com
rogersn@testing.com
rogersp@testing.com
rogersr@testing.com
rogerss@testing.com
rogerst@testing.com
rogersv@testing.com
rogersw@testing.com
rossa@testing.com
rossb@testing.com
rossc@testing.com
rossd@testing.com
rosse@testing.com
rossf@testing.com
rossg@testing.com
rossh@testing.com
rossj@testing.com
rossk@testing.com
rossl@testing.com
rossm@testing.com
rossn@testing.com
rossp@testing.com
rossr@testing.com
rosss@testing.com
rosst@testing.com
rossv@testing.com
rossw@testing.com
russella@testing.com
russellb@testing.com
russellc@testing.com
russelld@testing.com
russelle@testing.com
russellf@testing.com
russellg@testing.com
russellh@testing.com
russellj@testing.com
russellk@testing.com
russelll@testing.com
russellm@testing.com
russelln@testing.com
russellp@testing.com
russellr@testing.com
russells@testing.com
russellt@testing.com
russellv@testing.com
russellw@testing.com
sancheza@testing.com
sanchezb@testing.com
sanchezc@testing.com
sanchezd@testing.com
sancheze@testing.com
sanchezf@testing.com
sanchezg@testing.com
sanchezh@testing.com
sanchezj@testing.com
sanchezk@testing.com
sanchezl@testing.com
sanchezm@testing.com
sanchezn@testing.com
sanchezp@testing.com
sanchezr@testing.com
sanchezs@testing.com
sanchezt@testing.com
sanchezv@testing.com
sanchezw@testing.com
sandersa@testing.com
sandersb@testing.com
sandersc@testing.com
sandersd@testing.com
sanderse@testing.com
sandersf@testing.com
sandersg@testing.com
sandersh@testing.com
sandersj@testing.com
sandersk@testing.com
sandersl@testing.com
sandersm@testing.com
sandersn@testing.com
sandersp@testing.com
sandersr@testing.com
sanderss@testing.com
sanderst@testing.com
sandersv@testing.com
sandersw@testing.com
scotta@testing.com
scottb@testing.com
scottc@testing.com
scottd@testing.com
scotte@testing.com
scottf@testing.com
scottg@testing.com
scotth@testing.com
scottj@testing.com
scottk@testing.com
scottl@testing.com
scottm@testing.com
scottn@testing.com
scottp@testing.com
scottr@testing.com
scotts@testing.com
scottt@testing.com
scottv@testing.com
scottw@testing.com
simmonsa@testing.com
simmonsb@testing.com
simmonsc@testing.com
simmonsd@testing.com
simmonse@testing.com
simmonsf@testing.com
simmonsg@testing.com
simmonsh@testing.com
simmonsj@testing.com
simmonsk@testing.com
simmonsl@testing.com
simmonsm@testing.com
simmonsn@testing.com
simmonsp@testing.com
simmonsr@testing.com
simmonss@testing.com
simmonst@testing.com
simmonsv@testing.com
simmonsw@testing.com
smitha@testing.com
smithb@testing.com
smithc@testing.com
smithd@testing.com
smithe@testing.com
smithf@testing.com
smithg@testing.com
smithh@testing.com
smithj@testing.com
smithk@testing.com
smithl@testing.com
smithm@testing.com
smithn@testing.com
smithp@testing.com
smithr@testing.com
smiths@testing.com
smitht@testing.com
smithv@testing.com
smithw@testing.com
stewarta@testing.com
stewartb@testing.com
stewartc@testing.com
stewartd@testing.com
stewarte@testing.com
stewartf@testing.com
stewartg@testing.com
stewarth@testing.com
stewartj@testing.com
stewartk@testing.com
stewartl@testing.com
stewartm@testing.com
stewartn@testing.com
stewartp@testing.com
stewartr@testing.com
stewarts@testing.com
stewartt@testing.com
stewartv@testing.com
stewartw@testing.com
taylora@testing.com
taylorb@testing.com
taylorc@testing.com
taylord@testing.com
taylore@testing.com
taylorf@testing.com
taylorg@testing.com
taylorh@testing.com
taylorj@testing.com
taylork@testing.com
taylorl@testing.com
taylorm@testing.com
taylorn@testing.com
taylorp@testing.com
taylorr@testing.com
taylors@testing.com
taylort@testing.com
taylorv@testing.com
taylorw@testing.com
thomasa@testing.com
thomasb@testing.com
thomasc@testing.com
thomasd@testing.com
thomase@testing.com
thomasf@testing.com
thomasg@testing.com
thomash@testing.com
thomasj@testing.com
thomask@testing.com
thomasl@testing.com
thomasm@testing.com
thomasn@testing.com
thomasp@testing.com
thomasr@testing.com
thomass@testing.com
thomast@testing.com
thomasv@testing.com
thomasw@testing.com
thompsona@testing.com
thompsonb@testing.com
thompsonc@testing.com
thompsond@testing.com
thompsone@testing.com
thompsonf@testing.com
thompsong@testing.com
thompsonh@testing.com
thompsonj@testing.com
thompsonk@testing.com
thompsonl@testing.com
thompsonm@testing.com
thompsonn@testing.com
thompsonp@testing.com
thompsonr@testing.com
thompsons@testing.com
thompsont@testing.com
thompsonv@testing.com
thompsonw@testing.com
torresa@testing.com
torresb@testing.com
torresc@testing.com
torresd@testing.com
torrese@testing.com
torresf@testing.com
torresg@testing.com
torresh@testing.com
torresj@testing.com
torresk@testing.com
torresl@testing.com
torresm@testing.com
torresn@testing.com
torresp@testing.com
torresr@testing.com
torress@testing.com
torrest@testing.com
torresv@testing.com
torresw@testing.com
turnera@testing.com
turnerb@testing.com
turnerc@testing.com
turnerd@testing.com
turnere@testing.com
turnerf@testing.com
turnerg@testing.com
turnerh@testing.com
turnerj@testing.com
turnerk@testing.com
turnerl@testing.com
turnerm@testing.com
turnern@testing.com
turnerp@testing.com
turnerr@testing.com
turners@testing.com
turnert@testing.com
turnerv@testing.com
turnerw@testing.com
walkera@testing.com
walkerb@testing.com
walkerc@testing.com
walkerd@testing.com
walkere@testing.com
walkerf@testing.com
walkerg@testing.com
walkerh@testing.com
walkerj@testing.com
walkerk@testing.com
walkerl@testing.com
walkerm@testing.com
walkern@testing.com
walkerp@testing.com
walkerr@testing.com
walkers@testing.com
walkert@testing.com
walkerv@testing.com
walkerw@testing.com
warda@testing.com
wardb@testing.com
wardc@testing.com
wardd@testing.com
warde@testing.com
wardf@testing.com
wardg@testing.com
wardh@testing.com
wardj@testing.com
wardk@testing.com
wardl@testing.com
wardm@testing.com
wardn@testing.com
wardp@testing.com
wardr@testing.com
wards@testing.com
wardt@testing.com
wardv@testing.com
wardw@testing.com
washingtona@testing.com
washingtonb@testing.com
washingtonc@testing.com
washingtond@testing.com
washingtone@testing.com
washingtonf@testing.com
washingtong@testing.com
washingtonh@testing.com
washingtonj@testing.com
washingtonk@testing.com
washingtonl@testing.com
washingtonm@testing.com
washingtonn@testing.com
washingtonp@testing.com
washingtonr@testing.com
washingtons@testing.com
washingtont@testing.com
washingtonv@testing.com
washingtonw@testing.com
watsona@testing.com
watsonb@testing.com
watsonc@testing.com
watsond@testing.com
watsone@testing.com
watsonf@testing.com
watsong@testing.com
watsonh@testing.com
watsonj@testing.com
watsonk@testing.com
watsonl@testing.com
watsonm@testing.com
watsonn@testing.com
watsonp@testing.com
watsonr@testing.com
watsons@testing.com
watsont@testing.com
watsonv@testing.com
watsonw@testing.com
whitea@testing.com
whiteb@testing.com
whitec@testing.com
whited@testing.com
whitee@testing.com
whitef@testing.com
whiteg@testing.com
whiteh@testing.com
whitej@testing.com
whitek@testing.com
whitel@testing.com
whitem@testing.com
whiten@testing.com
whitep@testing.com
whiter@testing.com
whites@testing.com
whitet@testing.com
whitev@testing.com
whitew@testing.com
williamsa@testing.com
williamsb@testing.com
williamsc@testing.com
williamsd@testing.com
williamse@testing.com
williamsf@testing.com
williamsg@testing.com
williamsh@testing.com
williamsj@testing.com
williamsk@testing.com
williamsl@testing.com
williamsm@testing.com
williamsn@testing.com
williamsp@testing.com
williamsr@testing.com
williamss@testing.com
williamst@testing.com
williamsv@testing.com
williamsw@testing.com
wilsona@testing.com
wilsonb@testing.com
wilsonc@testing.com
wilsond@testing.com
wilsone@testing.com
wilsonf@testing.com
wilsong@testing.com
wilsonh@testing.com
wilsonj@testing.com
wilsonk@testing.com
wilsonl@testing.com
wilsonm@testing.com
wilsonn@testing.com
wilsonp@testing.com
wilsonr@testing.com
wilsons@testing.com
wilsont@testing.com
wilsonv@testing.com
wilsonw@testing.com
wooda@testing.com
woodb@testing.com
woodc@testing.com
woodd@testing.com
woode@testing.com
woodf@testing.com
woodg@testing.com
woodh@testing.com
woodj@testing.com
woodk@testing.com
woodl@testing.com
woodm@testing.com
woodn@testing.com
woodp@testing.com
woodr@testing.com
woods@testing.com
woodt@testing.com
woodv@testing.com
woodw@testing.com
wrighta@testing.com
wrightb@testing.com
wrightc@testing.com
wrightd@testing.com
wrighte@testing.com
wrightf@testing.com
wrightg@testing.com
wrighth@testing.com
wrightj@testing.com
wrightk@testing.com
wrightl@testing.com
wrightm@testing.com
wrightn@testing.com
wrightp@testing.com
wrightr@testing.com
wrights@testing.com
wrightt@testing.com
wrightv@testing.com
wrightw@testing.com
younga@testing.com
youngb@testing.com
youngc@testing.com
youngd@testing.com
younge@testing.com
youngf@testing.com
youngg@testing.com
youngh@testing.com
youngj@testing.com
youngk@testing.com
youngl@testing.com
youngm@testing.com
youngn@testing.com
youngp@testing.com
youngr@testing.com
youngs@testing.com
youngt@testing.com
youngv@testing.com
youngw@testing.com
