alexandera@testing.com
alexanderb@testing.com
alexanderc@testing.com
alexanderd@testing.com
alexandere@testing.com
alexanderf@testing.com
alexanderg@testing.com
alexanderh@testing.com
alexanderj@testing.com
alexanderk@testing.com
alexanderl@testing.com
alexanderm@testing.com
alexandern@testing.com
alexanderp@testing.com
alexanderr@testing.com
alexanders@testing.com
alexandert@testing.com
alexanderw@testing.com
alexandery@testing.com
amandaa@testing.com
amandab@testing.com
amandac@testing.com
amandad@testing.com
amandae@testing.com
amandaf@testing.com
amandag@testing.com
amandah@testing.com
amandaj@testing.com
amandak@testing.com
amandal@testing.com
amandam@testing.com
amandan@testing.com
amandap@testing.com
amandar@testing.com
amandas@testing.com
amandat@testing.com
amandaw@testing.com
amanday@testing.com
amya@testing.com
amyb@testing.com
amyc@testing.com
amyd@testing.com
amye@testing.com
amyf@testing.com
amyg@testing.com
amyh@testing.com
amyj@testing.com
amyk@testing.com
amyl@testing.com
amym@testing.com
amyn@testing.com
amyp@testing.com
amyr@testing.com
amys@testing.com
amyt@testing.com
amyw@testing.com
amyy@testing.com
andrewa@testing.com
andrewb@testing.com
andrewc@testing.com
andrewd@testing.com
andrewe@testing.com
andrewf@testing.com
andrewg@testing.com
andrewh@testing.com
andrewj@testing.com
andrewk@testing.com
andrewl@testing.com
andrewm@testing.com
andrewn@testing.com
andrewp@testing.com
andrewr@testing.com
andrews@testing.com
andrewt@testing.com
andreww@testing.com
andrewy@testing.com
angelaa@testing.com
angelab@testing.com
angelac@testing.com
angelad@testing.com
angelae@testing.com
angelaf@testing.com
angelag@testing.com
angelah@testing.com
angelaj@testing.com
angelak@testing.com
angelal@testing.com
angelam@testing.com
angelan@testing.com
angelap@testing.com
angelar@testing.com
angelas@testing.com
angelat@testing.com
angelaw@testing.com
angelay@testing.com
annaa@testing.com
annab@testing.com
annac@testing.com
annad@testing.com
annae@testing.com
annaf@testing.com
annag@testing.com
annah@testing.com
annaj@testing.com
annak@testing.com
annal@testing.com
annam@testing.com
annan@testing.com
annap@testing.com
annar@testing.com
annas@testing.com
annat@testing.com
annaw@testing.com
annay@testing.com
anthonya@testing.com
anthonyb@testing.com
anthonyc@testing.com
anthonyd@testing.com
anthonye@testing.com
anthonyf@testing.com
anthonyg@testing.com
anthonyh@testing.com
anthonyj@testing.com
anthonyk@testing.com
anthonyl@testing.com
anthonym@testing.com
anthonyn@testing.com
anthonyp@testing.com
anthonyr@testing.com
anthonys@testing.com
anthonyt@testing.com
anthonyw@testing.com
anthonyy@testing.com
ashleya@testing.com
ashleyb@testing.com
ashleyc@testing.com
ashleyd@testing.com
ashleye@testing.com
ashleyf@testing.com
ashleyg@testing.com
ashleyh@testing.com
ashleyj@testing.com
ashleyk@testing.com
ashleyl@testing.com
ashleym@testing.com
ashleyn@testing.com
ashleyp@testing.com
ashleyr@testing.com
ashleys@testing.com
ashleyt@testing.com
ashleyw@testing.com
ashleyy@testing.com
barbaraa@testing.com
barbarab@testing.com
barbarac@testing.com
barbarad@testing.com
barbarae@testing.com
barbaraf@testing.com
barbarag@testing.com
barbarah@testing.com
barbaraj@testing.com
barbarak@testing.com
barbaral@testing.com
barbaram@testing.com
barbaran@testing.com
barbarap@testing.com
barbarar@testing.com
barbaras@testing.com
barbarat@testing.com
barbaraw@testing.com
barbaray@testing.com
benjamina@testing.com
benjaminb@testing.com
benjaminc@testing.com
benjamind@testing.com
benjamine@testing.com
benjaminf@testing.com
benjaming@testing.com
benjaminh@testing.com
benjaminj@testing.com
benjamink@testing.com
benjaminl@testing.com
benjaminm@testing.com
benjaminn@testing.com
benjaminp@testing.com
benjaminr@testing.com
benjamins@testing.com
benjamint@testing.com
benjaminw@testing.com
benjaminy@testing.com
bettya@testing.com
bettyb@testing.com
bettyc@testing.com
bettyd@testing.com
bettye@testing.com
bettyf@testing.com
bettyg@testing.com
bettyh@testing.com
bettyj@testing.com
bettyk@testing.com
bettyl@testing.com
bettym@testing.com
bettyn@testing.com
bettyp@testing.com
bettyr@testing.com
bettys@testing.com
bettyt@testing.com
bettyw@testing.com
bettyy@testing.com
brandona@testing.com
brandonb@testing.com
brandonc@testing.com
brandond@testing.com
brandone@testing.com
brandonf@testing.com
brandong@testing.com
brandonh@testing.com
brandonj@testing.com
brandonk@testing.com
brandonl@testing.com
brandonm@testing.com
brandonn@testing.com
brandonp@testing.com
brandonr@testing.com
brandons@testing.com
brandont@testing.com
brandonw@testing.com
brandony@testing.com
brendaa@testing.com
brendab@testing.com
brendac@testing.com
brendad@testing.com
brendae@testing.com
brendaf@testing.com
brendag@testing.com
brendah@testing.com
brendaj@testing.com
brendak@testing.com
brendal@testing.com
brendam@testing.com
brendan@testing.com
brendap@testing.com
brendar@testing.com
brendas@testing.com
brendat@testing.com
brendaw@testing.com
brenday@testing.com
briana@testing.com
brianb@testing.com
brianc@testing.com
briand@testing.com
briane@testing.com
brianf@testing.com
briang@testing.com
brianh@testing.com
brianj@testing.com
briank@testing.com
brianl@testing.com
brianm@testing.com
briann@testing.com
brianp@testing.com
brianr@testing.com
brians@testing.com
briant@testing.com
brianw@testing.com
briany@testing.com
carola@testing.com
carolb@testing.com
carolc@testing.com
carold@testing.com
carole@testing.com
carolf@testing.com
carolg@testing.com
carolh@testing.com
carolj@testing.com
carolk@testing.com
caroll@testing.com
carolm@testing.com
caroln@testing.com
carolp@testing.com
carolr@testing.com
carols@testing.com
carolt@testing.com
carolw@testing.com
caroly@testing.com
carolyna@testing.com
carolynb@testing.com
carolync@testing.com
carolynd@testing.com
carolyne@testing.com
carolynf@testing.com
carolyng@testing.com
carolynh@testing.com
carolynj@testing.com
carolynk@testing.com
carolynl@testing.com
carolynm@testing.com
carolynn@testing.com
carolynp@testing.com
carolynr@testing.com
carolyns@testing.com
carolynt@testing.com
carolynw@testing.com
carolyny@testing.com
catherinea@testing.com
catherineb@testing.com
catherinec@testing.com
catherined@testing.com
catherinee@testing.com
catherinef@testing.com
catherineg@testing.com
catherineh@testing.com
catherinej@testing.com
catherinek@testing.com
catherinel@testing.com
catherinem@testing.com
catherinen@testing.com
catherinep@testing.com
catheriner@testing.com
catherines@testing.com
catherinet@testing.com
catherinew@testing.com
catheriney@testing.com
charlesa@testing.com
charlesb@testing.com
charlesc@testing.com
charlesd@testing.com
charlese@testing.com
charlesf@testing.com
charlesg@testing.com
charlesh@testing.com
charlesj@testing.com
charlesk@testing.com
charlesl@testing.com
charlesm@testing.com
charlesn@testing.com
charlesp@testing.com
charlesr@testing.com
charless@testing.com
charlest@testing.com
charlesw@testing.com
charlesy@testing.com
christinea@testing.com
christineb@testing.com
christinec@testing.com
christined@testing.com
christinee@testing.com
christinef@testing.com
christineg@testing.com
christineh@testing.com
christinej@testing.com
christinek@testing.com
christinel@testing.com
christinem@testing.com
christinen@testing.com
christinep@testing.com
christiner@testing.com
christines@testing.com
christinet@testing.com
christinew@testing.com
christiney@testing.com
christophera@testing.com
christopherb@testing.com
christopherc@testing.com
christopherd@testing.com
christophere@testing.com
christopherf@testing.com
christopherg@testing.com
christopherh@testing.com
christopherj@testing.com
christopherk@testing.com
christopherl@testing.com
christopherm@testing.com
christophern@testing.com
christopherp@testing.com
christopherr@testing.com
christophers@testing.com
christophert@testing.com
christopherw@testing.com
christophery@testing.com
cynthiaa@testing.com
cynthiab@testing.com
cynthiac@testing.com
cynthiad@testing.com
cynthiae@testing.com
cynthiaf@testing.com
cynthiag@testing.com
cynthiah@testing.com
cynthiaj@testing.com
cynthiak@testing.com
cynthial@testing.com
cynthiam@testing.com
cynthian@testing.com
cynthiap@testing.com
cynthiar@testing.com
cynthias@testing.com
cynthiat@testing.com
cynthiaw@testing.com
cynthiay@testing.com
daniela@testing.com
danielb@testing.com
danielc@testing.com
danield@testing.com
daniele@testing.com
danielf@testing.com
danielg@testing.com
danielh@testing.com
danielj@testing.com
danielk@testing.com
daniell@testing.com
danielm@testing.com
danieln@testing.com
danielp@testing.com
danielr@testing.com
daniels@testing.com
danielt@testing.com
danielw@testing.com
daniely@testing.com
davida@testing.com
davidb@testing.com
davidc@testing.com
davidd@testing.com
davide@testing.com
davidf@testing.com
davidg@testing.com
davidh@testing.com
davidj@testing.com
davidk@testing.com
davidl@testing.com
davidm@testing.com
davidn@testing.com
davidp@testing.com
davidr@testing.com
davids@testing.com
davidt@testing.com
davidw@testing.com
davidy@testing.com
deboraha@testing.com
deborahb@testing.com
deborahc@testing.com
deborahd@testing.com
deborahe@testing.com
deborahf@testing.com
deborahg@testing.com
deborahh@testing.com
deborahj@testing.com
deborahk@testing.com
deborahl@testing.com
deborahm@testing.com
deborahn@testing.com
deborahp@testing.com
deborahr@testing.com
deborahs@testing.com
deboraht@testing.com
deborahw@testing.com
deborahy@testing.com
debraa@testing.com
debrab@testing.com
debrac@testing.com
debrad@testing.com
debrae@testing.com
debraf@testing.com
debrag@testing.com
debrah@testing.com
debraj@testing.com
debrak@testing.com
debral@testing.com
debram@testing.com
debran@testing.com
debrap@testing.com
debrar@testing.com
debras@testing.com
debrat@testing.com
debraw@testing.com
debray@testing.com
dennisa@testing.com
dennisb@testing.com
dennisc@testing.com
dennisd@testing.com
dennise@testing.com
dennisf@testing.com
dennisg@testing.com
dennish@testing.com
dennisj@testing.com
dennisk@testing.com
dennisl@testing.com
dennism@testing.com
dennisn@testing.com
dennisp@testing.com
dennisr@testing.com
denniss@testing.com
dennist@testing.com
dennisw@testing.com
dennisy@testing.com
donalda@testing.com
donaldb@testing.com
donaldc@testing.com
donaldd@testing.com
donalde@testing.com
donaldf@testing.com
donaldg@testing.com
donaldh@testing.com
donaldj@testing.com
donaldk@testing.com
donaldl@testing.com
donaldm@testing.com
donaldn@testing.com
donaldp@testing.com
donaldr@testing.com
donalds@testing.com
donaldt@testing.com
donaldw@testing.com
donaldy@testing.com
donnaa@testing.com
donnab@testing.com
donnac@testing.com
donnad@testing.com
donnae@testing.com
donnaf@testing.com
donnag@testing.com
donnah@testing.com
donnaj@testing.com
donnak@testing.com
donnal@testing.com
donnam@testing.com
donnan@testing.com
donnap@testing.com
donnar@testing.com
donnas@testing.com
donnat@testing.com
donnaw@testing.com
donnay@testing.com
dorothya@testing.com
dorothyb@testing.com
dorothyc@testing.com
dorothyd@testing.com
dorothye@testing.com
dorothyf@testing.com
dorothyg@testing.com
dorothyh@testing.com
dorothyj@testing.com
dorothyk@testing.com
dorothyl@testing.com
dorothym@testing.com
dorothyn@testing.com
dorothyp@testing.com
dorothyr@testing.com
dorothys@testing.com
dorothyt@testing.com
dorothyw@testing.com
dorothyy@testing.com
edwarda@testing.com
edwardb@testing.com
edwardc@testing.com
edwardd@testing.com
edwarde@testing.com
edwardf@testing.com
edwardg@testing.com
edwardh@testing.com
edwardj@testing.com
edwardk@testing.com
edwardl@testing.com
edwardm@testing.com
edwardn@testing.com
edwardp@testing.com
edwardr@testing.com
edwards@testing.com
edwardt@testing.com
edwardw@testing.com
edwardy@testing.com
elizabetha@testing.com
elizabethb@testing.com
elizabethc@testing.com
elizabethd@testing.com
elizabethe@testing.com
elizabethf@testing.com
elizabethg@testing.com
elizabethh@testing.com
elizabethj@testing.com
elizabethk@testing.com
elizabethl@testing.com
elizabethm@testing.com
elizabethn@testing.com
elizabethp@testing.com
elizabethr@testing.com
elizabeths@testing.com
elizabetht@testing.com
elizabethw@testing.com
elizabethy@testing.com
emilya@testing.com
emilyb@testing.com
emilyc@testing.com
emilyd@testing.com
emilye@testing.com
emilyf@testing.com
emilyg@testing.com
emilyh@testing.com
emilyj@testing.com
emilyk@testing.com
emilyl@testing.com
emilym@testing.com
emilyn@testing.com
emilyp@testing.com
emilyr@testing.com
emilys@testing.com
emilyt@testing.com
emilyw@testing.com
emilyy@testing.com
erica@testing.com
ericb@testing.com
ericc@testing.com
ericd@testing.com
erice@testing.com
ericf@testing.com
ericg@testing.com
erich@testing.com
ericj@testing.com
erick@testing.com
ericl@testing.com
ericm@testing.com
ericn@testing.com
ericp@testing.com
ericr@testing.com
erics@testing.com
erict@testing.com
ericw@testing.com
ericy@testing.com
franka@testing.com
frankb@testing.com
frankc@testing.com
frankd@testing.com
franke@testing.com
frankf@testing.com
frankg@testing.com
frankh@testing.com
frankj@testing.com
frankk@testing.com
frankl@testing.com
frankm@testing.com
frankn@testing.com
frankp@testing.com
frankr@testing.com
franks@testing.com
frankt@testing.com
frankw@testing.com
franky@testing.com
garya@testing.com
garyb@testing.com
garyc@testing.com
garyd@testing.com
garye@testing.com
garyf@testing.com
garyg@testing.com
garyh@testing.com
garyj@testing.com
garyk@testing.com
garyl@testing.com
garym@testing.com
garyn@testing.com
garyp@testing.com
garyr@testing.com
garys@testing.com
garyt@testing.com
garyw@testing.com
garyy@testing.com
georgea@testing.com
georgeb@testing.com
georgec@testing.com
georged@testing.com
georgee@testing.com
georgef@testing.com
georgeg@testing.com
georgeh@testing.com
georgej@testing.com
georgek@testing.com
georgel@testing.com
georgem@testing.com
georgen@testing.com
georgep@testing.com
georger@testing.com
georges@testing.com
georget@testing.com
georgew@testing.com
georgey@testing.com
gregorya@testing.com
gregoryb@testing.com
gregoryc@testing.com
gregoryd@testing.com
gregorye@testing.com
gregoryf@testing.com
gregoryg@testing.com
gregoryh@testing.com
gregoryj@testing.com
gregoryk@testing.com
gregoryl@testing.com
gregorym@testing.com
gregoryn@testing.com
gregoryp@testing.com
gregoryr@testing.com
gregorys@testing.com
gregoryt@testing.com
gregoryw@testing.com
gregoryy@testing.com
heathera@testing.com
heatherb@testing.com
heatherc@testing.com
heatherd@testing.com
heathere@testing.com
heatherf@testing.com
heatherg@testing.com
heatherh@testing.com
heatherj@testing.com
heatherk@testing.com
heatherl@testing.com
heatherm@testing.com
heathern@testing.com
heatherp@testing.com
heatherr@testing.com
heathers@testing.com
heathert@testing.com
heatherw@testing.com
heathery@testing.com
helena@testing.com
helenb@testing.com
helenc@testing.com
helend@testing.com
helene@testing.com
helenf@testing.com
heleng@testing.com
helenh@testing.com
helenj@testing.com
helenk@testing.com
helenl@testing.com
helenm@testing.com
helenn@testing.com
helenp@testing.com
helenr@testing.com
helens@testing.com
helent@testing.com
helenw@testing.com
heleny@testing.com
jacka@testing.com
jackb@testing.com
jackc@testing.com
jackd@testing.com
jacke@testing.com
jackf@testing.com
jackg@testing.com
jackh@testing.com
jackj@testing.com
jackk@testing.com
jackl@testing.com
jackm@testing.com
jackn@testing.com
jackp@testing.com
jackr@testing.com
jacks@testing.com
jackt@testing.com
jackw@testing.com
jacky@testing.com
jacoba@testing.com
jacobb@testing.com
jacobc@testing.com
jacobd@testing.com
jacobe@testing.com
jacobf@testing.com
jacobg@testing.com
jacobh@testing.com
jacobj@testing.com
jacobk@testing.com
jacobl@testing.com
jacobm@testing.com
jacobn@testing.com
jacobp@testing.com
jacobr@testing.com
jacobs@testing.com
jacobt@testing.com
jacobw@testing.com
jacoby@testing.com
jamesa@testing.com
jamesb@testing.com
jamesc@testing.com
jamesd@testing.com
jamese@testing.com
jamesf@testing.com
jamesg@testing.com
jamesh@testing.com
jamesj@testing.com
jamesk@testing.com
jamesl@testing.com
jamesm@testing.com
jamesn@testing.com
jamesp@testing.com
jamesr@testing.com
jamess@testing.com
jamest@testing.com
jamesw@testing.com
jamesy@testing.com
janeta@testing.com
janetb@testing.com
janetc@testing.com
janetd@testing.com
janete@testing.com
janetf@testing.com
janetg@testing.com
janeth@testing.com
janetj@testing.com
janetk@testing.com
janetl@testing.com
janetm@testing.com
janetn@testing.com
janetp@testing.com
janetr@testing.com
janets@testing.com
janett@testing.com
janetw@testing.com
janety@testing.com
jasona@testing.com
jasonb@testing.com
jasonc@testing.com
jasond@testing.com
jasone@testing.com
jasonf@testing.com
jasong@testing.com
jasonh@testing.com
jasonj@testing.com
jasonk@testing.com
jasonl@testing.com
jasonm@testing.com
jasonn@testing.com
jasonp@testing.com
jasonr@testing.com
jasons@testing.com
jasont@testing.com
jasonw@testing.com
jasony@testing.com
jeffreya@testing.com
jeffreyb@testing.com
jeffreyc@testing.com
jeffreyd@testing.com
jeffreye@testing.com
jeffreyf@testing.com
jeffreyg@testing.com
jeffreyh@testing.com
jeffreyj@testing.com
jeffreyk@testing.com
jeffreyl@testing.com
jeffreym@testing.com
jeffreyn@testing.com
jeffreyp@testing.com
jeffreyr@testing.com
jeffreys@testing.com
jeffreyt@testing.com
jeffreyw@testing.com
jeffreyy@testing.com
jennifera@testing.com
jenniferb@testing.com
jenniferc@testing.com
jenniferd@testing.com
jennifere@testing.com
jenniferf@testing.com
jenniferg@testing.com
jenniferh@testing.com
jenniferj@testing.com
jenniferk@testing.com
jenniferl@testing.com
jenniferm@testing.com
jennifern@testing.com
jenniferp@testing.com
jenniferr@testing.com
jennifers@testing.com
jennifert@testing.com
jenniferw@testing.com
jennifery@testing.com
jerrya@testing.com
jerryb@testing.com
jerryc@testing.com
jerryd@testing.com
jerrye@testing.com
jerryf@testing.com
jerryg@testing.com
jerryh@testing.com
jerryj@testing.com
jerryk@testing.com
jerryl@testing.com
jerrym@testing.com
jerryn@testing.com
jerryp@testing.com
jerryr@testing.com
jerrys@testing.com
jerryt@testing.com
jerryw@testing.com
jerryy@testing.com
jessicaa@testing.com
jessicab@testing.com
jessicac@testing.com
jessicad@testing.com
jessicae@testing.com
jessicaf@testing.com
jessicag@testing.com
jessicah@testing.com
jessicaj@testing.com
jessicak@testing.com
jessical@testing.com
jessicam@testing.com
jessican@testing.com
jessicap@testing.com
jessicar@testing.com
jessicas@testing.com
jessicat@testing.com
jessicaw@testing.com
jessicay@testing.com
johna@testing.com
johnb@testing.com
johnc@testing.com
johnd@testing.com
johne@testing.com
johnf@testing.com
johng@testing.com
johnh@testing.com
johnj@testing.com
johnk@testing.com
johnl@testing.com
johnm@testing.com
johnn@testing.com
johnp@testing.com
johnr@testing.com
johns@testing.com
johnt@testing.com
johnw@testing.com
johny@testing.com
jonathana@testing.com
jonathanb@testing.com
jonathanc@testing.com
jonathand@testing.com
jonathane@testing.com
jonathanf@testing.com
jonathang@testing.com
jonathanh@testing.com
jonathanj@testing.com
jonathank@testing.com
jonathanl@testing.com
jonathanm@testing.com
jonathann@testing.com
jonathanp@testing.com
jonathanr@testing.com
jonathans@testing.com
jonathant@testing.com
jonathanw@testing.com
jonathany@testing.com
josepha@testing.com
josephb@testing.com
josephc@testing.com
josephd@testing.com
josephe@testing.com
josephf@testing.com
josephg@testing.com
josephh@testing.com
josephj@testing.com
josephk@testing.com
josephl@testing.com
josephm@testing.com
josephn@testing.com
josephp@testing.com
josephr@testing.com
josephs@testing.com
josepht@testing.com
josephw@testing.com
josephy@testing.com
joshuaa@testing.com
joshuab@testing.com
joshuac@testing.com
joshuad@testing.com
joshuae@testing.com
joshuaf@testing.com
joshuag@testing.com
joshuah@testing.com
joshuaj@testing.com
joshuak@testing.com
joshual@testing.com
joshuam@testing.com
joshuan@testing.com
joshuap@testing.com
joshuar@testing.com
joshuas@testing.com
joshuat@testing.com
joshuaw@testing.com
joshuay@testing.com
justina@testing.com
justinb@testing.com
justinc@testing.com
justind@testing.com
justine@testing.com
justinf@testing.com
justing@testing.com
justinh@testing.com
justinj@testing.com
justink@testing.com
justinl@testing.com
justinm@testing.com
justinn@testing.com
justinp@testing.com
justinr@testing.com
justins@testing.com
justint@testing.com
justinw@testing.com
justiny@testing.com
karena@testing.com
karenb@testing.com
karenc@testing.com
karend@testing.com
karene@testing.com
karenf@testing.com
kareng@testing.com
karenh@testing.com
karenj@testing.com
karenk@testing.com
karenl@testing.com
karenm@testing.com
karenn@testing.com
karenp@testing.com
karenr@testing.com
karens@testing.com
karent@testing.com
karenw@testing.com
kareny@testing.com
katherinea@testing.com
katherineb@testing.com
katherinec@testing.com
katherined@testing.com
katherinee@testing.com
katherinef@testing.com
katherineg@testing.com
katherineh@testing.com
katherinej@testing.com
katherinek@testing.com
katherinel@testing.com
katherinem@testing.com
katherinen@testing.com
katherinep@testing.com
katheriner@testing.com
katherines@testing.com
katherinet@testing.com
katherinew@testing.com
katheriney@testing.com
kathleena@testing.com
kathleenb@testing.com
kathleenc@testing.com
kathleend@testing.com
kathleene@testing.com
kathleenf@testing.com
kathleeng@testing.com
kathleenh@testing.com
kathleenj@testing.com
kathleenk@testing.com
kathleenl@testing.com
kathleenm@testing.com
kathleenn@testing.com
kathleenp@testing.com
kathleenr@testing.com
kathleens@testing.com
kathleent@testing.com
kathleenw@testing.com
kathleeny@testing.com
kennetha@testing.com
kennethb@testing.com
kennethc@testing.com
kennethd@testing.com
kennethe@testing.com
kennethf@testing.com
kennethg@testing.com
kennethh@testing.com
kennethj@testing.com
kennethk@testing.com
kennethl@testing.com
kennethm@testing.com
kennethn@testing.com
kennethp@testing.com
kennethr@testing.com
kenneths@testing.com
kennetht@testing.com
kennethw@testing.com
kennethy@testing.com
kevina@testing.com
kevinb@testing.com
kevinc@testing.com
kevind@testing.com
kevine@testing.com
kevinf@testing.com
keving@testing.com
kevinh@testing.com
kevinj@testing.com
kevink@testing.com
kevinl@testing.com
kevinm@testing.com
kevinn@testing.com
kevinp@testing.com
kevinr@testing.com
kevins@testing.com
kevint@testing.com
kevinw@testing.com
keviny@testing.com
kimberlya@testing.com
kimberlyb@testing.com
kimberlyc@testing.com
kimberlyd@testing.com
kimberlye@testing.com
kimberlyf@testing.com
kimberlyg@testing.com
kimberlyh@testing.com
kimberlyj@testing.com
kimberlyk@testing.com
kimberlyl@testing.com
kimberlym@testing.com
kimberlyn@testing.com
kimberlyp@testing.com
kimberlyr@testing.com
kimberlys@testing.com
kimberlyt@testing.com
kimberlyw@testing.com
kimberlyy@testing.com
larrya@testing.com
larryb@testing.com
larryc@testing.com
larryd@testing.com
larrye@testing.com
larryf@testing.com
larryg@testing.com
larryh@testing.com
larryj@testing.com
larryk@testing.com
larryl@testing.com
larrym@testing.com
larryn@testing.com
larryp@testing.com
larryr@testing.com
larrys@testing.com
larryt@testing.com
larryw@testing.com
larryy@testing.com
lauraa@testing.com
laurab@testing.com
laurac@testing.com
laurad@testing.com
laurae@testing.com
lauraf@testing.com
laurag@testing.com
laurah@testing.com
lauraj@testing.com
laurak@testing.com
laural@testing.com
lauram@testing.com
lauran@testing.com
laurap@testing.com
laurar@testing.com
lauras@testing.com
laurat@testing.com
lauraw@testing.com
lauray@testing.com
lindaa@testing.com
lindab@testing.com
lindac@testing.com
lindad@testing.com
lindae@testing.com
lindaf@testing.com
lindag@testing.com
lindah@testing.com
lindaj@testing.com
lindak@testing.com
lindal@testing.com
lindam@testing.com
lindan@testing.com
lindap@testing.com
lindar@testing.com
lindas@testing.com
lindat@testing.com
lindaw@testing.com
linday@testing.com
lisaa@testing.com
lisab@testing.com
lisac@testing.com
lisad@testing.com
lisae@testing.com
lisaf@testing.com
lisag@testing.com
lisah@testing.com
lisaj@testing.com
lisak@testing.com
lisal@testing.com
lisam@testing.com
lisan@testing.com
lisap@testing.com
lisar@testing.com
lisas@testing.com
lisat@testing.com
lisaw@testing.com
lisay@testing.com
margareta@testing.com
margaretb@testing.com
margaretc@testing.com
margaretd@testing.com
margarete@testing.com
margaretf@testing.com
margaretg@testing.com
margareth@testing.com
margaretj@testing.com
margaretk@testing.com
margaretl@testing.com
margaretm@testing.com
margaretn@testing.com
margaretp@testing.com
margaretr@testing.com
margarets@testing.com
margarett@testing.com
margaretw@testing.com
margarety@testing.com
marka@testing.com
markb@testing.com
markc@testing.com
markd@testing.com
marke@testing.com
markf@testing.com
markg@testing.com
markh@testing.com
markj@testing.com
markk@testing.com
markl@testing.com
markm@testing.com
markn@testing.com
markp@testing.com
markr@testing.com
marks@testing.com
markt@testing.com
markw@testing.com
marky@testing.com
marya@testing.com
maryb@testing.com
maryc@testing.com
maryd@testing.com
marye@testing.com
maryf@testing.com
maryg@testing.com
maryh@testing.com
maryj@testing.com
maryk@testing.com
maryl@testing.com
marym@testing.com
maryn@testing.com
maryp@testing.com
maryr@testing.com
marys@testing.com
maryt@testing.com
maryw@testing.com
maryy@testing.com
matthewa@testing.com
matthewb@testing.com
matthewc@testing.com
matthewd@testing.com
matthewe@testing.com
matthewf@testing.com
matthewg@testing.com
matthewh@testing.com
matthewj@testing.com
matthewk@testing.com
matthewl@testing.com
matthewm@testing.com
matthewn@testing.com
matthewp@testing.com
matthewr@testing.com
matthews@testing.com
matthewt@testing.com
mattheww@testing.com
matthewy@testing.com
melissaa@testing.com
melissab@testing.com
melissac@testing.com
melissad@testing.com
melissae@testing.com
melissaf@testing.com
melissag@testing.com
melissah@testing.com
melissaj@testing.com
melissak@testing.com
melissal@testing.com
melissam@testing.com
melissan@testing.com
melissap@testing.com
melissar@testing.com
melissas@testing.com
melissat@testing.com
melissaw@testing.com
melissay@testing.com
michaela@testing.com
michaelb@testing.com
michaelc@testing.com
michaeld@testing.com
michaele@testing.com
michaelf@testing.com
michaelg@testing.com
michaelh@testing.com
michaelj@testing.com
michaelk@testing.com
michaell@testing.com
michaelm@testing.com
michaeln@testing.com
michaelp@testing.com
michaelr@testing.com
michaels@testing.com
michaelt@testing.com
michaelw@testing.com
michaely@testing.com
michellea@testing.com
michelleb@testing.com
michellec@testing.com
michelled@testing.com
michellee@testing.com
michellef@testing.com
michelleg@testing.com
michelleh@testing.com
michellej@testing.com
michellek@testing.com
michellel@testing.com
michellem@testing.com
michellen@testing.com
michellep@testing.com
micheller@testing.com
michelles@testing.com
michellet@testing.com
michellew@testing.com
michelley@testing.com
nancya@testing.com
nancyb@testing.com
nancyc@testing.com
nancyd@testing.com
nancye@testing.com
nancyf@testing.com
nancyg@testing.com
nancyh@testing.com
nancyj@testing.com
nancyk@testing.com
nancyl@testing.com
nancym@testing.com
nancyn@testing.com
nancyp@testing.com
nancyr@testing.com
nancys@testing.com
nancyt@testing.com
nancyw@testing.com
nancyy@testing.com
nicholasa@testing.com
nicholasb@testing.com
nicholasc@testing.com
nicholasd@testing.com
nicholase@testing.com
nicholasf@testing.com
nicholasg@testing.com
nicholash@testing.com
nicholasj@testing.com
nicholask@testing.com
nicholasl@testing.com
nicholasm@testing.com
nicholasn@testing.com
nicholasp@testing.com
nicholasr@testing.com
nicholass@testing.com
nicholast@testing.com
nicholasw@testing.com
nicholasy@testing.com
nicolea@testing.com
nicoleb@testing.com
nicolec@testing.com
nicoled@testing.com
nicolee@testing.com
nicolef@testing.com
nicoleg@testing.com
nicoleh@testing.com
nicolej@testing.com
nicolek@testing.com
nicolel@testing.com
nicolem@testing.com
nicolen@testing.com
nicolep@testing.com
nicoler@testing.com
nicoles@testing.com
nicolet@testing.com
nicolew@testing.com
nicoley@testing.com
pamelaa@testing.com
pamelab@testing.com
pamelac@testing.com
pamelad@testing.com
pamelae@testing.com
pamelaf@testing.com
pamelag@testing.com
pamelah@testing.com
pamelaj@testing.com
pamelak@testing.com
pamelal@testing.com
pamelam@testing.com
pamelan@testing.com
pamelap@testing.com
pamelar@testing.com
pamelas@testing.com
pamelat@testing.com
pamelaw@testing.com
pamelay@testing.com
patriciaa@testing.com
patriciab@testing.com
patriciac@testing.com
patriciad@testing.com
patriciae@testing.com
patriciaf@testing.com
patriciag@testing.com
patriciah@testing.com
patriciaj@testing.com
patriciak@testing.com
patricial@testing.com
patriciam@testing.com
patrician@testing.com
patriciap@testing.com
patriciar@testing.com
patricias@testing.com
patriciat@testing.com
patriciaw@testing.com
patriciay@testing.com
patricka@testing.com
patrickb@testing.com
patrickc@testing.com
patrickd@testing.com
patricke@testing.com
patrickf@testing.com
patrickg@testing.com
patrickh@testing.com
patrickj@testing.com
patrickk@testing.com
patrickl@testing.com
patrickm@testing.com
patrickn@testing.com
patrickp@testing.com
patrickr@testing.com
patricks@testing.com
patrickt@testing.com
patrickw@testing.com
patricky@testing.com
paula@testing.com
paulb@testing.com
paulc@testing.com
pauld@testing.com
paule@testing.com
paulf@testing.com
paulg@testing.com
paulh@testing.com
paulj@testing.com
paulk@testing.com
paull@testing.com
paulm@testing.com
pauln@testing.com
paulp@testing.com
paulr@testing.com
pauls@testing.com
pault@testing.com
paulw@testing.com
pauly@testing.com
rachela@testing.com
rachelb@testing.com
rachelc@testing.com
racheld@testing.com
rachele@testing.com
rachelf@testing.com
rachelg@testing.com
rachelh@testing.com
rachelj@testing.com
rachelk@testing.com
rachell@testing.com
rachelm@testing.com
racheln@testing.com
rachelp@testing.com
rachelr@testing.com
rachels@testing.com
rachelt@testing.com
rachelw@testing.com
rachely@testing.com
raymonda@testing.com
raymondb@testing.com
raymondc@testing.com
raymondd@testing.com
raymonde@testing.com
raymondf@testing.com
raymondg@testing.com
raymondh@testing.com
raymondj@testing.com
raymondk@testing.com
raymondl@testing.com
raymondm@testing.com
raymondn@testing.com
raymondp@testing.com
raymondr@testing.com
raymonds@testing.com
raymondt@testing.com
raymondw@testing.com
raymondy@testing.com
rebeccaa@testing.com
rebeccab@testing.com
rebeccac@testing.com
rebeccad@testing.com
rebeccae@testing.com
rebeccaf@testing.com
rebeccag@testing.com
rebeccah@testing.com
rebeccaj@testing.com
rebeccak@testing.com
rebeccal@testing.com
rebeccam@testing.com
rebeccan@testing.com
rebeccap@testing.com
rebeccar@testing.com
rebeccas@testing.com
rebeccat@testing.com
rebeccaw@testing.com
rebeccay@testing.com
richarda@testing.com
richardb@testing.com
richardc@testing.com
richardd@testing.com
richarde@testing.com
richardf@testing.com
richardg@testing.com
richardh@testing.com
richardj@testing.com
richardk@testing.com
richardl@testing.com
richardm@testing.com
richardn@testing.com
richardp@testing.com
richardr@testing.com
richards@testing.com
richardt@testing.com
richardw@testing.com
richardy@testing.com
roberta@testing.com
robertb@testing.com
robertc@testing.com
robertd@testing.com
roberte@testing.com
robertf@testing.com
robertg@testing.com
roberth@testing.com
robertj@testing.com
robertk@testing.com
robertl@testing.com
robertm@testing.com
robertn@testing.com
robertp@testing.com
robertr@testing.com
roberts@testing.com
robertt@testing.com
robertw@testing.com
roberty@testing.com
ronalda@testing.com
ronaldb@testing.com
ronaldc@testing.com
ronaldd@testing.com
ronalde@testing.com
ronaldf@testing.com
ronaldg@testing.com
ronaldh@testing.com
ronaldj@testing.com
ronaldk@testing.com
ronaldl@testing.com
ronaldm@testing.com
ronaldn@testing.com
ronaldp@testing.com
ronaldr@testing.com
ronalds@testing.com
ronaldt@testing.com
ronaldw@testing.com
ronaldy@testing.com
rutha@testing.com
ruthb@testing.com
ruthc@testing.com
ruthd@testing.com
ruthe@testing.com
ruthf@testing.com
ruthg@testing.com
ruthh@testing.com
ruthj@testing.com
ruthk@testing.com
ruthl@testing.com
ruthm@testing.com
ruthn@testing.com
ruthp@testing.com
ruthr@testing.com
ruths@testing.com
rutht@testing.com
ruthw@testing.com
ruthy@testing.com
ryana@testing.com
ryanb@testing.com
ryanc@testing.com
ryand@testing.com
ryane@testing.com
ryanf@testing.com
ryang@testing.com
ryanh@testing.com
ryanj@testing.com
ryank@testing.com
ryanl@testing.com
ryanm@testing.com
ryann@testing.com
ryanp@testing.com
ryanr@testing.com
ryans@testing.com
ryant@testing.com
ryanw@testing.com
ryany@testing.com
samanthaa@testing.com
samanthab@testing.com
samanthac@testing.com
samanthad@testing.com
samanthae@testing.com
samanthaf@testing.com
samanthag@testing.com
samanthah@testing.com
samanthaj@testing.com
samanthak@testing.com
samanthal@testing.com
samantham@testing.com
samanthan@testing.com
samanthap@testing.com
samanthar@testing.com
samanthas@testing.com
samanthat@testing.com
samanthaw@testing.com
samanthay@testing.com
samuela@testing.com
samuelb@testing.com
samuelc@testing.com
samueld@testing.com
samuele@testing.com
samuelf@testing.com
samuelg@testing.com
samuelh@testing.com
samuelj@testing.com
samuelk@testing.com
samuell@testing.com
samuelm@testing.com
samueln@testing.com
samuelp@testing.com
samuelr@testing.com
samuels@testing.com
samuelt@testing.com
samuelw@testing.com
samuely@testing.com
sandraa@testing.com
sandrab@testing.com
sandrac@testing.com
sandrad@testing.com
sandrae@testing.com
sandraf@testing.com
sandrag@testing.com
sandrah@testing.com
sandraj@testing.com
sandrak@testing.com
sandral@testing.com
sandram@testing.com
sandran@testing.com
sandrap@testing.com
sandrar@testing.com
sandras@testing.com
sandrat@testing.com
sandraw@testing.com
sandray@testing.com
saraha@testing.com
sarahb@testing.com
sarahc@testing.com
sarahd@testing.com
sarahe@testing.com
sarahf@testing.com
sarahg@testing.com
sarahh@testing.com
sarahj@testing.com
sarahk@testing.com
sarahl@testing.com
sarahm@testing.com
sarahn@testing.com
sarahp@testing.com
sarahr@testing.com
sarahs@testing.com
saraht@testing.com
sarahw@testing.com
sarahy@testing.com
scotta@testing.com
scottb@testing.com
scottc@testing.com
scottd@testing.com
scotte@testing.com
scottf@testing.com
scottg@testing.com
scotth@testing.com
scottj@testing.com
scottk@testing.com
scottl@testing.com
scottm@testing.com
scottn@testing.com
scottp@testing.com
scottr@testing.com
scotts@testing.com
scottt@testing.com
scottw@testing.com
scotty@testing.com
sharona@testing.com
sharonb@testing.com
sharonc@testing.com
sharond@testing.com
sharone@testing.com
sharonf@testing.com
sharong@testing.com
sharonh@testing.com
sharonj@testing.com
sharonk@testing.com
sharonl@testing.com
sharonm@testing.com
sharonn@testing.com
sharonp@testing.com
sharonr@testing.com
sharons@testing.com
sharont@testing.com
sharonw@testing.com
sharony@testing.com
shirleya@testing.com
shirleyb@testing.com
shirleyc@testing.com
shirleyd@testing.com
shirleye@testing.com
shirleyf@testing.com
shirleyg@testing.com
shirleyh@testing.com
shirleyj@testing.com
shirleyk@testing.com
shirleyl@testing.com
shirleym@testing.com
shirleyn@testing.com
shirleyp@testing.com
shirleyr@testing.com
shirleys@testing.com
shirleyt@testing.com
shirleyw@testing.com
shirleyy@testing.com
stephaniea@testing.com
stephanieb@testing.com
stephaniec@testing.com
stephanied@testing.com
stephaniee@testing.com
stephanief@testing.com
stephanieg@testing.com
stephanieh@testing.com
stephaniej@testing.com
stephaniek@testing.com
stephaniel@testing.com
stephaniem@testing.com
stephanien@testing.com
stephaniep@testing.com
stephanier@testing.com
stephanies@testing.com
stephaniet@testing.com
stephaniew@testing.com
stephaniey@testing.com
stephena@testing.com
stephenb@testing.com
stephenc@testing.com
stephend@testing.com
stephene@testing.com
stephenf@testing.com
stepheng@testing.com
stephenh@testing.com
stephenj@testing.com
stephenk@testing.com
stephenl@testing.com
stephenm@testing.com
stephenn@testing.com
stephenp@testing.com
stephenr@testing.com
stephens@testing.com
stephent@testing.com
stephenw@testing.com
stepheny@testing.com
stevena@testing.com
stevenb@testing.com
stevenc@testing.com
stevend@testing.com
stevene@testing.com
stevenf@testing.com
steveng@testing.com
stevenh@testing.com
stevenj@testing.com
stevenk@testing.com
stevenl@testing.com
stevenm@testing.com
stevenn@testing.com
stevenp@testing.com
stevenr@testing.com
stevens@testing.com
stevent@testing.com
stevenw@testing.com
steveny@testing.com
susana@testing.com
susanb@testing.com
susanc@testing.com
susand@testing.com
susane@testing.com
susanf@testing.com
susang@testing.com
susanh@testing.com
susanj@testing.com
susank@testing.com
susanl@testing.com
susanm@testing.com
susann@testing.com
susanp@testing.com
susanr@testing.com
susans@testing.com
susant@testing.com
susanw@testing.com
susany@testing.com
thomasa@testing.com
thomasb@testing.com
thomasc@testing.com
thomasd@testing.com
thomase@testing.com
thomasf@testing.com
thomasg@testing.com
thomash@testing.com
thomasj@testing.com
thomask@testing.com
thomasl@testing.com
thomasm@testing.com
thomasn@testing.com
thomasp@testing.com
thomasr@testing.com
thomass@testing.com
thomast@testing.com
thomasw@testing.com
thomasy@testing.com
timothya@testing.com
timothyb@testing.com
timothyc@testing.com
timothyd@testing.com
timothye@testing.com
timothyf@testing.com
timothyg@testing.com
timothyh@testing.com
timothyj@testing.com
timothyk@testing.com
timothyl@testing.com
timothym@testing.com
timothyn@testing.com
timothyp@testing.com
timothyr@testing.com
timothys@testing.com
timothyt@testing.com
timothyw@testing.com
timothyy@testing.com
virginiaa@testing.com
virginiab@testing.com
virginiac@testing.com
virginiad@testing.com
virginiae@testing.com
virginiaf@testing.com
virginiag@testing.com
virginiah@testing.com
virginiaj@testing.com
virginiak@testing.com
virginial@testing.com
virginiam@testing.com
virginian@testing.com
virginiap@testing.com
virginiar@testing.com
virginias@testing.com
virginiat@testing.com
virginiaw@testing.com
virginiay@testing.com
williama@testing.com
williamb@testing.com
williamc@testing.com
williamd@testing.com
williame@testing.com
williamf@testing.com
williamg@testing.com
williamh@testing.com
williamj@testing.com
williamk@testing.com
williaml@testing.com
williamm@testing.com
williamn@testing.com
williamp@testing.com
williamr@testing.com
williams@testing.com
williamt@testing.com
williamw@testing.com
williamy@testing.com
